{"synthetic": false,
 "schemaVersion": "2025-09-10",
 "outputs":
 {"o": ["99b1b315ca1b126c.olean"],
  "m": false,
  "i": "c7b770b5e9547272.ilean",
  "c": "de3bdb07cd65bd64.c"},
 "log":
 [{"message":
   ".> LEAN_PATH=/home/tyler/Documents/Papers/Block-Paige/lean/.lake/packages/Cli/.lake/build/lib/lean:/home/tyler/Documents/Papers/Block-Paige/lean/.lake/packages/batteries/.lake/build/lib/lean:/home/tyler/Documents/Papers/Block-Paige/lean/.lake/packages/Qq/.lake/build/lib/lean:/home/tyler/Documents/Papers/Block-Paige/lean/.lake/packages/aesop/.lake/build/lib/lean:/home/tyler/Documents/Papers/Block-Paige/lean/.lake/packages/proofwidgets/.lake/build/lib/lean:/home/tyler/Documents/Papers/Block-Paige/lean/.lake/packages/importGraph/.lake/build/lib/lean:/home/tyler/Documents/Papers/Block-Paige/lean/.lake/packages/LeanSearchClient/.lake/build/lib/lean:/home/tyler/Documents/Papers/Block-Paige/lean/.lake/packages/plausible/.lake/build/lib/lean:/home/tyler/Documents/Papers/Block-Paige/lean/.lake/packages/mathlib/.lake/build/lib/lean:/home/tyler/Documents/scratch/lean/.lake/build/lib/lean /home/tyler/.elan/toolchains/leanprover--lean4---v4.32.2/bin/lean /home/tyler/Documents/scratch/lean/FinitePrecisionLanczos.lean -o /home/tyler/Documents/scratch/lean/.lake/build/lib/lean/FinitePrecisionLanczos.olean -i /home/tyler/Documents/scratch/lean/.lake/build/lib/lean/FinitePrecisionLanczos.ilean -c /home/tyler/Documents/scratch/lean/.lake/build/ir/FinitePrecisionLanczos.c --setup /home/tyler/Documents/scratch/lean/.lake/build/ir/FinitePrecisionLanczos.setup.json --json",
   "level": "trace"}],
 "inputs":
 [["FinitePrecisionLanczos:deps",
   [["deps",
     [["FinitePrecisionLanczos/FinitePrecisionLanczos:extraDep",
       [["@FinitePrecisionLanczos:extraDep", "00000000000006bb"]]],
      ["imports",
       [["FinitePrecisionLanczos.Core.Matrix transitive imports (legacy)",
         "29944cfd8071b685"],
        ["FinitePrecisionLanczos.Core.Matrix:importAllArts",
         "dd281ebe47a134ab"],
        ["FinitePrecisionLanczos.Core.Commutator transitive imports (legacy)",
         "5d940cc419efc6aa"],
        ["FinitePrecisionLanczos.Core.Commutator:importAllArts",
         "fe4dab8b14f5ed3c"],
        ["FinitePrecisionLanczos.Core.Spectral transitive imports (legacy)",
         "1e9b64a7adbde93f"],
        ["FinitePrecisionLanczos.Core.Spectral:importAllArts",
         "b773809f7a247ba7"],
        ["FinitePrecisionLanczos.Core.Descent transitive imports (legacy)",
         "b2da1b15958a382d"],
        ["FinitePrecisionLanczos.Core.Descent:importAllArts",
         "0ade95cb9466c06d"],
        ["FinitePrecisionLanczos.Core.Nilpotent transitive imports (legacy)",
         "0cc77b7420c28b72"],
        ["FinitePrecisionLanczos.Core.Nilpotent:importAllArts",
         "9cf12ad04635f687"],
        ["FinitePrecisionLanczos.Core.Dilation transitive imports (legacy)",
         "4b4b64a03d7c988a"],
        ["FinitePrecisionLanczos.Core.Dilation:importAllArts",
         "819b58be5290a4d5"],
        ["FinitePrecisionLanczos.Core.DilationRecurrence transitive imports (legacy)",
         "94e650d3f6dee0ed"],
        ["FinitePrecisionLanczos.Core.DilationRecurrence:importAllArts",
         "61d649149ea83259"],
        ["FinitePrecisionLanczos.Core.DilationBounds transitive imports (legacy)",
         "c181ddaa7f38e651"],
        ["FinitePrecisionLanczos.Core.DilationBounds:importAllArts",
         "d71c45a1534573ad"],
        ["FinitePrecisionLanczos.Core.Tridiagonalization transitive imports (legacy)",
         "e9e4fe89956ee766"],
        ["FinitePrecisionLanczos.Core.Tridiagonalization:importAllArts",
         "c27c458665edfe18"],
        ["FinitePrecisionLanczos.Core.CompletionBasis transitive imports (legacy)",
         "5ab7ef8d4d1cfc81"],
        ["FinitePrecisionLanczos.Core.CompletionBasis:importAllArts",
         "24822c0a8517bef1"],
        ["FinitePrecisionLanczos.Core.Completion transitive imports (legacy)",
         "9af698e5995e1a29"],
        ["FinitePrecisionLanczos.Core.Completion:importAllArts",
         "b234a7ba790953f9"],
        ["FinitePrecisionLanczos.Core.CompletionCorrection transitive imports (legacy)",
         "ae69cce1504e9d99"],
        ["FinitePrecisionLanczos.Core.CompletionCorrection:importAllArts",
         "3f8d43d6c6038854"],
        ["FinitePrecisionLanczos.Core.Measure.FiniteAtomic transitive imports (legacy)",
         "0f78230c1ae3c6fa"],
        ["FinitePrecisionLanczos.Core.Measure.FiniteAtomic:importAllArts",
         "c87061e089bc35b2"],
        ["FinitePrecisionLanczos.Core.Measure.SpectralMass transitive imports (legacy)",
         "39f8aa3f61f070f5"],
        ["FinitePrecisionLanczos.Core.Measure.SpectralMass:importAllArts",
         "74470ffd172d09e7"],
        ["FinitePrecisionLanczos.Core.Measure.Transport transitive imports (legacy)",
         "cb34e578d513d419"],
        ["FinitePrecisionLanczos.Core.Measure.Transport:importAllArts",
         "ea9f819d76ef79e8"],
        ["FinitePrecisionLanczos.Core.Measure.Wasserstein transitive imports (legacy)",
         "5d6e8b4ceaa93fff"],
        ["FinitePrecisionLanczos.Core.Measure.Wasserstein:importAllArts",
         "22ada541ba4e5286"],
        ["FinitePrecisionLanczos.Core.Measure.Cutoff transitive imports (legacy)",
         "dec46a0c6757d225"],
        ["FinitePrecisionLanczos.Core.Measure.Cutoff:importAllArts",
         "f84457d58971024f"],
        ["FinitePrecisionLanczos.Core.Measure.SpectralWassersteinCore transitive imports (legacy)",
         "c7b680c506d36673"],
        ["FinitePrecisionLanczos.Core.Measure.SpectralWassersteinCore:importAllArts",
         "d65912be205ef86a"],
        ["FinitePrecisionLanczos.Core.Measure.SpectralWasserstein transitive imports (legacy)",
         "ee4781ead3cd3ef2"],
        ["FinitePrecisionLanczos.Core.Measure.SpectralWasserstein:importAllArts",
         "c0ae5f0a21f3e624"],
        ["FinitePrecisionLanczos.Core.Measure.ClusterGeometry transitive imports (legacy)",
         "754d7a2e6e5ef756"],
        ["FinitePrecisionLanczos.Core.Measure.ClusterGeometry:importAllArts",
         "1d89720ed4da66e3"],
        ["FinitePrecisionLanczos.Lanczos.Run transitive imports (legacy)",
         "cc00a9615c4dc4c4"],
        ["FinitePrecisionLanczos.Lanczos.Run:importAllArts",
         "1fd49a0bdb69e1bc"],
        ["FinitePrecisionLanczos.Lanczos.Bounds transitive imports (legacy)",
         "97c928207ca02c7d"],
        ["FinitePrecisionLanczos.Lanczos.Bounds:importAllArts",
         "1778c8716127f679"],
        ["FinitePrecisionLanczos.Lanczos.Assembly transitive imports (legacy)",
         "f91841e5f97e7f15"],
        ["FinitePrecisionLanczos.Lanczos.Assembly:importAllArts",
         "1ff98d006f0b4dc0"],
        ["FinitePrecisionLanczos.Lanczos.Paige.Commutator transitive imports (legacy)",
         "ac87a0df5323013d"],
        ["FinitePrecisionLanczos.Lanczos.Paige.Commutator:importAllArts",
         "a0cd1c98f868ab86"],
        ["FinitePrecisionLanczos.Lanczos.Paige.Loss transitive imports (legacy)",
         "941238bc505593aa"],
        ["FinitePrecisionLanczos.Lanczos.Paige.Loss:importAllArts",
         "40c3d12c90505145"],
        ["FinitePrecisionLanczos.Lanczos.Paige.LossBounds transitive imports (legacy)",
         "34c9c5f311c306f2"],
        ["FinitePrecisionLanczos.Lanczos.Paige.LossBounds:importAllArts",
         "ab5a7fea8c651e2e"],
        ["FinitePrecisionLanczos.Lanczos.Paige.Ritz transitive imports (legacy)",
         "959664491c3f601e"],
        ["FinitePrecisionLanczos.Lanczos.Paige.Ritz:importAllArts",
         "529cebf079e0f201"],
        ["FinitePrecisionLanczos.Lanczos.Paige.Prefix transitive imports (legacy)",
         "4680f5dcf68d57ac"],
        ["FinitePrecisionLanczos.Lanczos.Paige.Prefix:importAllArts",
         "10e301cc20265306"],
        ["FinitePrecisionLanczos.Lanczos.Paige.Descent transitive imports (legacy)",
         "4a9bed7fdd24e7be"],
        ["FinitePrecisionLanczos.Lanczos.Paige.Descent:importAllArts",
         "87e3f86e394d55db"],
        ["FinitePrecisionLanczos.Lanczos.Paige.Containment transitive imports (legacy)",
         "e308446fc4493e91"],
        ["FinitePrecisionLanczos.Lanczos.Paige.Containment:importAllArts",
         "056d2912854f2b31"],
        ["FinitePrecisionLanczos.Lanczos.Paige.Stabilized transitive imports (legacy)",
         "e16e0a881b4522bc"],
        ["FinitePrecisionLanczos.Lanczos.Paige.Stabilized:importAllArts",
         "d341731f1e5c199b"],
        ["FinitePrecisionLanczos.Lanczos.Paige.Statements transitive imports (legacy)",
         "6d24fdc8326ed1cf"],
        ["FinitePrecisionLanczos.Lanczos.Paige.Statements:importAllArts",
         "151e27e09cf5db30"],
        ["FinitePrecisionLanczos.Lanczos.Greenbaum.Interface transitive imports (legacy)",
         "6d24fdc8326ed1cf"],
        ["FinitePrecisionLanczos.Lanczos.Greenbaum.Interface:importAllArts",
         "2ae309b938bb6823"],
        ["FinitePrecisionLanczos.Lanczos.Greenbaum.Normalization transitive imports (legacy)",
         "fec3a10b00d5772b"],
        ["FinitePrecisionLanczos.Lanczos.Greenbaum.Normalization:importAllArts",
         "c9f406de67642211"],
        ["FinitePrecisionLanczos.Lanczos.Greenbaum.NormalizedRecurrence transitive imports (legacy)",
         "ad300f2ba25a2e1e"],
        ["FinitePrecisionLanczos.Lanczos.Greenbaum.NormalizedRecurrence:importAllArts",
         "62db53bb89fbad04"],
        ["FinitePrecisionLanczos.Lanczos.Greenbaum.NormalizedCommutator transitive imports (legacy)",
         "3b84c3497ab3072d"],
        ["FinitePrecisionLanczos.Lanczos.Greenbaum.NormalizedCommutator:importAllArts",
         "681df0c5e3a41b2a"],
        ["FinitePrecisionLanczos.Lanczos.Greenbaum.Dilation transitive imports (legacy)",
         "2050ab43a71a2381"],
        ["FinitePrecisionLanczos.Lanczos.Greenbaum.Dilation:importAllArts",
         "e3af90aab8a7432d"],
        ["FinitePrecisionLanczos.Lanczos.Greenbaum.Correction transitive imports (legacy)",
         "8140e79770bb0663"],
        ["FinitePrecisionLanczos.Lanczos.Greenbaum.Correction:importAllArts",
         "2d47a3d2f8644f94"],
        ["FinitePrecisionLanczos.Lanczos.Greenbaum.Completion transitive imports (legacy)",
         "0a7be9fde30ada0b"],
        ["FinitePrecisionLanczos.Lanczos.Greenbaum.Completion:importAllArts",
         "8e37ad5b98d52835"],
        ["FinitePrecisionLanczos.Lanczos.Greenbaum.Model transitive imports (legacy)",
         "9935fe7745124517"],
        ["FinitePrecisionLanczos.Lanczos.Greenbaum.Model:importAllArts",
         "794985b2abf16c90"],
        ["FinitePrecisionLanczos.Lanczos.Greenbaum.Reproduction transitive imports (legacy)",
         "136d95075f65e8d5"],
        ["FinitePrecisionLanczos.Lanczos.Greenbaum.Reproduction:importAllArts",
         "698ee675ae429f93"],
        ["FinitePrecisionLanczos.Lanczos.Greenbaum.Statements transitive imports (legacy)",
         "ae69cce1504e9d99"],
        ["FinitePrecisionLanczos.Lanczos.Greenbaum.Statements:importAllArts",
         "fc94eff894a17331"],
        ["FinitePrecisionLanczos.Lanczos.Greenbaum.Spectral transitive imports (legacy)",
         "5f5761043326fd18"],
        ["FinitePrecisionLanczos.Lanczos.Greenbaum.Spectral:importAllArts",
         "efc457327ce620ad"],
        ["FinitePrecisionLanczos.Lanczos.Greenbaum.Measure transitive imports (legacy)",
         "d31c0e61a30e5401"],
        ["FinitePrecisionLanczos.Lanczos.Greenbaum.Measure:importAllArts",
         "2e417863ef6aeeb1"],
        ["FinitePrecisionLanczos.Lanczos.Greenbaum.SpectralMass transitive imports (legacy)",
         "e4190b20f785a75f"],
        ["FinitePrecisionLanczos.Lanczos.Greenbaum.SpectralMass:importAllArts",
         "03ababfcd4dc6551"],
        ["FinitePrecisionLanczos.Lanczos.Greenbaum.Wasserstein transitive imports (legacy)",
         "e7e92140b187e528"],
        ["FinitePrecisionLanczos.Lanczos.Greenbaum.Wasserstein:importAllArts",
         "c6b4d295714781a8"],
        ["FinitePrecisionLanczos.Lanczos.Greenbaum.Cluster transitive imports (legacy)",
         "39fdc3fa97f591a7"],
        ["FinitePrecisionLanczos.Lanczos.Greenbaum.Cluster:importAllArts",
         "74ecf3c8bc062fcf"]]]]],
    ["libs",
     [["import dynlibs", "00000000000006bb"],
      ["package external libraries", "00000000000006bb"],
      ["module dynlibs", "00000000000006bb"],
      ["module plugins", "00000000000006bb"]]]]],
  ["Lean 4.32.2, commit f3b06c705e6c85f5314019d5d3baab0fec5b580c",
   "7508232886a2752a"],
  ["/home/tyler/Documents/scratch/lean/FinitePrecisionLanczos.lean",
   "4c9443e2a9e18e5c"],
  ["options", "00000000000006bb"],
  ["isModule: false", "feefd2a0d3a1847e"],
  ["Module.name: FinitePrecisionLanczos", "095c483a2d20054a"],
  ["Package.id?: (some FinitePrecisionLanczos)", "da844cfdc4e35ff3"],
  ["Module.leanArgs: #[]", "00000000000006bb"]],
 "depHash": "c50b7bf6845b2f45"}