{"synthetic": false,
 "schemaVersion": "2025-09-10",
 "outputs":
 {"o": ["6ffcaf1b55d2bbbc.olean"],
  "m": false,
  "i": "8ef652693e67849e.ilean",
  "c": "af6247afed018ad6.c"},
 "log":
 [{"message":
   ".> LEAN_PATH=/home/tyler/Documents/Papers/Block-Paige/lean/.lake/packages/Cli/.lake/build/lib/lean:/home/tyler/Documents/Papers/Block-Paige/lean/.lake/packages/batteries/.lake/build/lib/lean:/home/tyler/Documents/Papers/Block-Paige/lean/.lake/packages/Qq/.lake/build/lib/lean:/home/tyler/Documents/Papers/Block-Paige/lean/.lake/packages/aesop/.lake/build/lib/lean:/home/tyler/Documents/Papers/Block-Paige/lean/.lake/packages/proofwidgets/.lake/build/lib/lean:/home/tyler/Documents/Papers/Block-Paige/lean/.lake/packages/importGraph/.lake/build/lib/lean:/home/tyler/Documents/Papers/Block-Paige/lean/.lake/packages/LeanSearchClient/.lake/build/lib/lean:/home/tyler/Documents/Papers/Block-Paige/lean/.lake/packages/plausible/.lake/build/lib/lean:/home/tyler/Documents/Papers/Block-Paige/lean/.lake/packages/mathlib/.lake/build/lib/lean:/home/tyler/Documents/Papers/simpler Lanczos/lean/.lake/build/lib/lean /home/tyler/.elan/toolchains/leanprover--lean4---v4.32.2/bin/lean /home/tyler/Documents/Papers/simpler Lanczos/lean/Paige/Run.lean -o /home/tyler/Documents/Papers/simpler Lanczos/lean/.lake/build/lib/lean/Paige/Run.olean -i /home/tyler/Documents/Papers/simpler Lanczos/lean/.lake/build/lib/lean/Paige/Run.ilean -c /home/tyler/Documents/Papers/simpler Lanczos/lean/.lake/build/ir/Paige/Run.c --setup /home/tyler/Documents/Papers/simpler Lanczos/lean/.lake/build/ir/Paige/Run.setup.json --json",
   "level": "trace"}],
 "inputs":
 [["Paige.Run:deps",
   [["deps",
     [["Paige/Paige:extraDep", [["@Paige:extraDep", "00000000000006bb"]]],
      ["imports",
       [["Mathlib.Data.Matrix.Mul transitive imports (legacy)",
         "5c2ddb777fbfcf72"],
        ["Mathlib.Data.Matrix.Mul:importAllArts", "f5b90fff01e74ac3"],
        ["Mathlib.Tactic transitive imports (legacy)", "a70dc4fb4fbf63e7"],
        ["Mathlib.Tactic:importAllArts", "2946757dc4028a21"]]]]],
    ["libs",
     [["import dynlibs", "00000000000006bb"],
      ["package external libraries", "00000000000006bb"],
      ["module dynlibs", "00000000000006bb"],
      ["module plugins", "00000000000006bb"]]]]],
  ["Lean 4.32.2, commit f3b06c705e6c85f5314019d5d3baab0fec5b580c",
   "7508232886a2752a"],
  ["/home/tyler/Documents/Papers/simpler Lanczos/lean/Paige/Run.lean",
   "c2c4a1a06046be8b"],
  ["options", "00000000000006bb"],
  ["isModule: false", "feefd2a0d3a1847e"],
  ["Module.name: Paige.Run", "4a9acb3e4d246fbb"],
  ["Package.id?: (some Paige)", "51d68ade68902554"],
  ["Module.leanArgs: #[]", "00000000000006bb"]],
 "depHash": "9e3794610e35c466"}