{"synthetic": false,
 "schemaVersion": "2025-09-10",
 "outputs":
 {"o": ["09f1a74b726e2ce6.olean"],
  "m": false,
  "i": "6d004e6d73c4a64f.ilean",
  "c": "02a3061dd769653f.c"},
 "log":
 [{"message":
   ".> LEAN_PATH=/home/tyler/Documents/Papers/Block-Paige/lean/.lake/packages/Cli/.lake/build/lib/lean:/home/tyler/Documents/Papers/Block-Paige/lean/.lake/packages/batteries/.lake/build/lib/lean:/home/tyler/Documents/Papers/Block-Paige/lean/.lake/packages/Qq/.lake/build/lib/lean:/home/tyler/Documents/Papers/Block-Paige/lean/.lake/packages/aesop/.lake/build/lib/lean:/home/tyler/Documents/Papers/Block-Paige/lean/.lake/packages/proofwidgets/.lake/build/lib/lean:/home/tyler/Documents/Papers/Block-Paige/lean/.lake/packages/importGraph/.lake/build/lib/lean:/home/tyler/Documents/Papers/Block-Paige/lean/.lake/packages/LeanSearchClient/.lake/build/lib/lean:/home/tyler/Documents/Papers/Block-Paige/lean/.lake/packages/plausible/.lake/build/lib/lean:/home/tyler/Documents/Papers/Block-Paige/lean/.lake/packages/mathlib/.lake/build/lib/lean:/home/tyler/Documents/Papers/simpler Lanczos/simpler Paige/lean/.lake/build/lib/lean /home/tyler/.elan/toolchains/leanprover--lean4---v4.32.2/bin/lean /home/tyler/Documents/Papers/simpler Lanczos/simpler Paige/lean/FinitePrecisionLanczos/Prefix.lean -o /home/tyler/Documents/Papers/simpler Lanczos/simpler Paige/lean/.lake/build/lib/lean/FinitePrecisionLanczos/Prefix.olean -i /home/tyler/Documents/Papers/simpler Lanczos/simpler Paige/lean/.lake/build/lib/lean/FinitePrecisionLanczos/Prefix.ilean -c /home/tyler/Documents/Papers/simpler Lanczos/simpler Paige/lean/.lake/build/ir/FinitePrecisionLanczos/Prefix.c --setup /home/tyler/Documents/Papers/simpler Lanczos/simpler Paige/lean/.lake/build/ir/FinitePrecisionLanczos/Prefix.setup.json --json",
   "level": "trace"}],
 "inputs":
 [["FinitePrecisionLanczos.Prefix:deps",
   [["deps",
     [["Paige/FinitePrecisionLanczos:extraDep",
       [["@Paige:extraDep", "00000000000006bb"]]],
      ["imports",
       [["FinitePrecisionLanczos.Ritz transitive imports (legacy)",
         "396ca129da154318"],
        ["FinitePrecisionLanczos.Ritz:importAllArts", "9b48754b505eb6e7"]]]]],
    ["libs",
     [["import dynlibs", "00000000000006bb"],
      ["package external libraries", "00000000000006bb"],
      ["module dynlibs", "00000000000006bb"],
      ["module plugins", "00000000000006bb"]]]]],
  ["Lean 4.32.2, commit f3b06c705e6c85f5314019d5d3baab0fec5b580c",
   "7508232886a2752a"],
  ["/home/tyler/Documents/Papers/simpler Lanczos/simpler Paige/lean/FinitePrecisionLanczos/Prefix.lean",
   "1beaadab14876820"],
  ["options", "00000000000006bb"],
  ["isModule: false", "feefd2a0d3a1847e"],
  ["Module.name: FinitePrecisionLanczos.Prefix", "e8d4f647d42b58c6"],
  ["Package.id?: (some Paige)", "51d68ade68902554"],
  ["Module.leanArgs: #[]", "00000000000006bb"]],
 "depHash": "c05664ec0c968be5"}