{"synthetic": false,
 "schemaVersion": "2025-09-10",
 "outputs":
 {"o": ["b48229d19d8eb692.olean"],
  "m": false,
  "i": "51ec1f45db0de5b0.ilean",
  "c": "8c5ccfe347e1f7e7.c"},
 "log":
 [{"message":
   ".> LEAN_PATH=/home/tyler/Documents/Papers/Block-Paige/lean/.lake/packages/Cli/.lake/build/lib/lean:/home/tyler/Documents/Papers/Block-Paige/lean/.lake/packages/batteries/.lake/build/lib/lean:/home/tyler/Documents/Papers/Block-Paige/lean/.lake/packages/Qq/.lake/build/lib/lean:/home/tyler/Documents/Papers/Block-Paige/lean/.lake/packages/aesop/.lake/build/lib/lean:/home/tyler/Documents/Papers/Block-Paige/lean/.lake/packages/proofwidgets/.lake/build/lib/lean:/home/tyler/Documents/Papers/Block-Paige/lean/.lake/packages/importGraph/.lake/build/lib/lean:/home/tyler/Documents/Papers/Block-Paige/lean/.lake/packages/LeanSearchClient/.lake/build/lib/lean:/home/tyler/Documents/Papers/Block-Paige/lean/.lake/packages/plausible/.lake/build/lib/lean:/home/tyler/Documents/Papers/Block-Paige/lean/.lake/packages/mathlib/.lake/build/lib/lean:/home/tyler/Documents/Papers/simpler Lanczos/simpler Paige/lean/.lake/build/lib/lean /home/tyler/.elan/toolchains/leanprover--lean4---v4.32.2/bin/lean /home/tyler/Documents/Papers/simpler Lanczos/simpler Paige/lean/FinitePrecisionLanczos/Spectral.lean -o /home/tyler/Documents/Papers/simpler Lanczos/simpler Paige/lean/.lake/build/lib/lean/FinitePrecisionLanczos/Spectral.olean -i /home/tyler/Documents/Papers/simpler Lanczos/simpler Paige/lean/.lake/build/lib/lean/FinitePrecisionLanczos/Spectral.ilean -c /home/tyler/Documents/Papers/simpler Lanczos/simpler Paige/lean/.lake/build/ir/FinitePrecisionLanczos/Spectral.c --setup /home/tyler/Documents/Papers/simpler Lanczos/simpler Paige/lean/.lake/build/ir/FinitePrecisionLanczos/Spectral.setup.json --json",
   "level": "trace"},
  {"message":
   "FinitePrecisionLanczos/Spectral.lean:195:44: Variable name `hn` is not explicitly referenced.\n\nThe binding can be removed (if unused) or named `_` (if used implicitly).\n\nNote: This linter can be disabled with `set_option linter.unusedVariables false`",
   "level": "warning"}],
 "inputs":
 [["FinitePrecisionLanczos.Spectral:deps",
   [["deps",
     [["Paige/FinitePrecisionLanczos:extraDep",
       [["@Paige:extraDep", "00000000000006bb"]]],
      ["imports",
       [["FinitePrecisionLanczos.Descent transitive imports (legacy)",
         "92c6632e261c44b4"],
        ["FinitePrecisionLanczos.Descent:importAllArts", "669a514d41095981"],
        ["Mathlib.Algebra.Order.Star.Real transitive imports (legacy)",
         "ebceb57e9856f3ee"],
        ["Mathlib.Algebra.Order.Star.Real:importAllArts", "2f7a193dcb0fab61"],
        ["Mathlib.LinearAlgebra.Matrix.PosDef transitive imports (legacy)",
         "03bff4338eb2a75c"],
        ["Mathlib.LinearAlgebra.Matrix.PosDef:importAllArts",
         "671f4dcf81911879"]]]]],
    ["libs",
     [["import dynlibs", "00000000000006bb"],
      ["package external libraries", "00000000000006bb"],
      ["module dynlibs", "00000000000006bb"],
      ["module plugins", "00000000000006bb"]]]]],
  ["Lean 4.32.2, commit f3b06c705e6c85f5314019d5d3baab0fec5b580c",
   "7508232886a2752a"],
  ["/home/tyler/Documents/Papers/simpler Lanczos/simpler Paige/lean/FinitePrecisionLanczos/Spectral.lean",
   "0e271caf20debf7d"],
  ["options", "00000000000006bb"],
  ["isModule: false", "feefd2a0d3a1847e"],
  ["Module.name: FinitePrecisionLanczos.Spectral", "0a94cf86044c37b2"],
  ["Package.id?: (some Paige)", "51d68ade68902554"],
  ["Module.leanArgs: #[]", "00000000000006bb"]],
 "depHash": "e84ef0b00d8ea8c6"}