{"synthetic": false,
 "schemaVersion": "2025-09-10",
 "outputs":
 {"o": ["281dd8f89e95a26e.olean"],
  "m": false,
  "i": "4b88345a37bb49e7.ilean",
  "c": "5258a6db5a964fbf.c"},
 "log":
 [{"message":
   ".> LEAN_PATH=/home/tyler/Documents/Papers/Block-Paige/lean/.lake/packages/Cli/.lake/build/lib/lean:/home/tyler/Documents/Papers/Block-Paige/lean/.lake/packages/batteries/.lake/build/lib/lean:/home/tyler/Documents/Papers/Block-Paige/lean/.lake/packages/Qq/.lake/build/lib/lean:/home/tyler/Documents/Papers/Block-Paige/lean/.lake/packages/aesop/.lake/build/lib/lean:/home/tyler/Documents/Papers/Block-Paige/lean/.lake/packages/proofwidgets/.lake/build/lib/lean:/home/tyler/Documents/Papers/Block-Paige/lean/.lake/packages/importGraph/.lake/build/lib/lean:/home/tyler/Documents/Papers/Block-Paige/lean/.lake/packages/LeanSearchClient/.lake/build/lib/lean:/home/tyler/Documents/Papers/Block-Paige/lean/.lake/packages/plausible/.lake/build/lib/lean:/home/tyler/Documents/Papers/Block-Paige/lean/.lake/packages/mathlib/.lake/build/lib/lean:/home/tyler/Documents/Papers/simpler Lanczos/lean/.lake/build/lib/lean /home/tyler/.elan/toolchains/leanprover--lean4---v4.32.2/bin/lean /home/tyler/Documents/Papers/simpler Lanczos/lean/FinitePrecisionLanczos/Tridiagonalization.lean -o /home/tyler/Documents/Papers/simpler Lanczos/lean/.lake/build/lib/lean/FinitePrecisionLanczos/Tridiagonalization.olean -i /home/tyler/Documents/Papers/simpler Lanczos/lean/.lake/build/lib/lean/FinitePrecisionLanczos/Tridiagonalization.ilean -c /home/tyler/Documents/Papers/simpler Lanczos/lean/.lake/build/ir/FinitePrecisionLanczos/Tridiagonalization.c --setup /home/tyler/Documents/Papers/simpler Lanczos/lean/.lake/build/ir/FinitePrecisionLanczos/Tridiagonalization.setup.json --json",
   "level": "trace"},
  {"message":
   "FinitePrecisionLanczos/Tridiagonalization.lean:192:52: This simp argument is unused:\n  hrnorm\n\nHint: Omit it from the simp argument list.\n  simp [q₁, hr, inner_smul_right,̵ ̵h̵r̵n̵o̵r̵m̵] at hscaled\n\nNote: This linter can be disabled with `set_option linter.unusedSimpArgs false`",
   "level": "warning"}],
 "inputs":
 [["FinitePrecisionLanczos.Tridiagonalization:deps",
   [["deps",
     [["Paige/FinitePrecisionLanczos:extraDep",
       [["@Paige:extraDep", "00000000000006bb"]]],
      ["imports",
       [["FinitePrecisionLanczos.GreenbaumCorrection transitive imports (legacy)",
         "92e34370e33b83fa"],
        ["FinitePrecisionLanczos.GreenbaumCorrection:importAllArts",
         "3ccbd56e6237ff3b"],
        ["Mathlib.Analysis.InnerProductSpace.ProdL2 transitive imports (legacy)",
         "bc14e031a957c58d"],
        ["Mathlib.Analysis.InnerProductSpace.ProdL2:importAllArts",
         "08846de9394c0986"],
        ["Mathlib.Analysis.InnerProductSpace.Projection.FiniteDimensional transitive imports (legacy)",
         "c6274d04e1193bd6"],
        ["Mathlib.Analysis.InnerProductSpace.Projection.FiniteDimensional:importAllArts",
         "da0a3150bc10ecd0"],
        ["Mathlib.Analysis.InnerProductSpace.Symmetric transitive imports (legacy)",
         "7eeff69bdd779046"],
        ["Mathlib.Analysis.InnerProductSpace.Symmetric:importAllArts",
         "5a88937090f5a6ae"]]]]],
    ["libs",
     [["import dynlibs", "00000000000006bb"],
      ["package external libraries", "00000000000006bb"],
      ["module dynlibs", "00000000000006bb"],
      ["module plugins", "00000000000006bb"]]]]],
  ["Lean 4.32.2, commit f3b06c705e6c85f5314019d5d3baab0fec5b580c",
   "7508232886a2752a"],
  ["/home/tyler/Documents/Papers/simpler Lanczos/lean/FinitePrecisionLanczos/Tridiagonalization.lean",
   "a9d92f7a4286180e"],
  ["options", "00000000000006bb"],
  ["isModule: false", "feefd2a0d3a1847e"],
  ["Module.name: FinitePrecisionLanczos.Tridiagonalization",
   "c98bbd9e553e0c1f"],
  ["Package.id?: (some Paige)", "51d68ade68902554"],
  ["Module.leanArgs: #[]", "00000000000006bb"]],
 "depHash": "5037eba543eed3d0"}