{"synthetic": false,
 "schemaVersion": "2025-09-10",
 "outputs":
 {"o": ["06055ba0f92ee405.olean"],
  "m": false,
  "i": "9bc63635e641612f.ilean",
  "c": "b2a195e1033723c9.c"},
 "log":
 [{"message":
   ".> LEAN_PATH=/home/tyler/Documents/Papers/Block-Paige/lean/.lake/packages/Cli/.lake/build/lib/lean:/home/tyler/Documents/Papers/Block-Paige/lean/.lake/packages/batteries/.lake/build/lib/lean:/home/tyler/Documents/Papers/Block-Paige/lean/.lake/packages/Qq/.lake/build/lib/lean:/home/tyler/Documents/Papers/Block-Paige/lean/.lake/packages/aesop/.lake/build/lib/lean:/home/tyler/Documents/Papers/Block-Paige/lean/.lake/packages/proofwidgets/.lake/build/lib/lean:/home/tyler/Documents/Papers/Block-Paige/lean/.lake/packages/importGraph/.lake/build/lib/lean:/home/tyler/Documents/Papers/Block-Paige/lean/.lake/packages/LeanSearchClient/.lake/build/lib/lean:/home/tyler/Documents/Papers/Block-Paige/lean/.lake/packages/plausible/.lake/build/lib/lean:/home/tyler/Documents/Papers/Block-Paige/lean/.lake/packages/mathlib/.lake/build/lib/lean:/home/tyler/Documents/Papers/simpler Lanczos/lean/.lake/build/lib/lean /home/tyler/.elan/toolchains/leanprover--lean4---v4.32.2/bin/lean /home/tyler/Documents/Papers/simpler Lanczos/lean/FinitePrecisionLanczos/AtomicWasserstein.lean -o /home/tyler/Documents/Papers/simpler Lanczos/lean/.lake/build/lib/lean/FinitePrecisionLanczos/AtomicWasserstein.olean -i /home/tyler/Documents/Papers/simpler Lanczos/lean/.lake/build/lib/lean/FinitePrecisionLanczos/AtomicWasserstein.ilean -c /home/tyler/Documents/Papers/simpler Lanczos/lean/.lake/build/ir/FinitePrecisionLanczos/AtomicWasserstein.c --setup /home/tyler/Documents/Papers/simpler Lanczos/lean/.lake/build/ir/FinitePrecisionLanczos/AtomicWasserstein.setup.json --json",
   "level": "trace"}],
 "inputs":
 [["FinitePrecisionLanczos.AtomicWasserstein:deps",
   [["deps",
     [["Paige/FinitePrecisionLanczos:extraDep",
       [["@Paige:extraDep", "00000000000006bb"]]],
      ["imports",
       [["FinitePrecisionLanczos.AtomicTransport transitive imports (legacy)",
         "a94883093a1a5509"],
        ["FinitePrecisionLanczos.AtomicTransport:importAllArts",
         "1a31dc7af89b2ce6"]]]]],
    ["libs",
     [["import dynlibs", "00000000000006bb"],
      ["package external libraries", "00000000000006bb"],
      ["module dynlibs", "00000000000006bb"],
      ["module plugins", "00000000000006bb"]]]]],
  ["Lean 4.32.2, commit f3b06c705e6c85f5314019d5d3baab0fec5b580c",
   "7508232886a2752a"],
  ["/home/tyler/Documents/Papers/simpler Lanczos/lean/FinitePrecisionLanczos/AtomicWasserstein.lean",
   "9930c00072edbf80"],
  ["options", "00000000000006bb"],
  ["isModule: false", "feefd2a0d3a1847e"],
  ["Module.name: FinitePrecisionLanczos.AtomicWasserstein", "930c3e287466cd6c"],
  ["Package.id?: (some Paige)", "51d68ade68902554"],
  ["Module.leanArgs: #[]", "00000000000006bb"]],
 "depHash": "996dfba5d503e630"}