{"synthetic": false,
 "schemaVersion": "2025-09-10",
 "outputs":
 {"o": ["85166241b667e6fc.olean"],
  "m": false,
  "i": "d567bb3958c76018.ilean",
  "c": "4438bca674b77993.c"},
 "log":
 [{"message":
   ".> LEAN_PATH=/home/tyler/Documents/Papers/Block-Paige/lean/.lake/packages/Cli/.lake/build/lib/lean:/home/tyler/Documents/Papers/Block-Paige/lean/.lake/packages/batteries/.lake/build/lib/lean:/home/tyler/Documents/Papers/Block-Paige/lean/.lake/packages/Qq/.lake/build/lib/lean:/home/tyler/Documents/Papers/Block-Paige/lean/.lake/packages/aesop/.lake/build/lib/lean:/home/tyler/Documents/Papers/Block-Paige/lean/.lake/packages/proofwidgets/.lake/build/lib/lean:/home/tyler/Documents/Papers/Block-Paige/lean/.lake/packages/importGraph/.lake/build/lib/lean:/home/tyler/Documents/Papers/Block-Paige/lean/.lake/packages/LeanSearchClient/.lake/build/lib/lean:/home/tyler/Documents/Papers/Block-Paige/lean/.lake/packages/plausible/.lake/build/lib/lean:/home/tyler/Documents/Papers/Block-Paige/lean/.lake/packages/mathlib/.lake/build/lib/lean:/home/tyler/Documents/Papers/simpler Lanczos/lean/.lake/build/lib/lean /home/tyler/.elan/toolchains/leanprover--lean4---v4.32.2/bin/lean /home/tyler/Documents/Papers/simpler Lanczos/lean/FinitePrecisionLanczos/ExactLanczosReproduction.lean -o /home/tyler/Documents/Papers/simpler Lanczos/lean/.lake/build/lib/lean/FinitePrecisionLanczos/ExactLanczosReproduction.olean -i /home/tyler/Documents/Papers/simpler Lanczos/lean/.lake/build/lib/lean/FinitePrecisionLanczos/ExactLanczosReproduction.ilean -c /home/tyler/Documents/Papers/simpler Lanczos/lean/.lake/build/ir/FinitePrecisionLanczos/ExactLanczosReproduction.c --setup /home/tyler/Documents/Papers/simpler Lanczos/lean/.lake/build/ir/FinitePrecisionLanczos/ExactLanczosReproduction.setup.json --json",
   "level": "trace"},
  {"message":
   "FinitePrecisionLanczos/ExactLanczosReproduction.lean:212:10: This simp argument is unused:\n  single_dotProduct\n\nHint: Omit it from the simp argument list.\n  simp ̵[̵s̵i̵n̵g̵l̵e̵_̵d̵o̵t̵P̵r̵o̵d̵u̵c̵t̵]̵\n\nNote: This linter can be disabled with `set_option linter.unusedSimpArgs false`",
   "level": "warning"},
  {"message":
   "FinitePrecisionLanczos/ExactLanczosReproduction.lean:219:6: This simp argument is unused:\n  Nat.add_sub_cancel\n\nHint: Omit it from the simp argument list.\n  simp [single_dotProduct, M.leading_block, Tmat, N̵a̵t̵.̵a̵d̵d̵_̵s̵u̵b̵_̵c̵a̵n̵c̵e̵l̵,̵ ̵e1]\n\nNote: This linter can be disabled with `set_option linter.unusedSimpArgs false`",
   "level": "warning"},
  {"message":
   "FinitePrecisionLanczos/ExactLanczosReproduction.lean:219:26: This simp argument is unused:\n  e1\n\nHint: Omit it from the simp argument list.\n  simp [single_dotProduct, M.leading_block, Tmat,\n  ̵  ̵ ̵ ̵ ̵ ̵Nat.add_sub_cancel,̵ ̵e̵1̵]\n\nNote: This linter can be disabled with `set_option linter.unusedSimpArgs false`",
   "level": "warning"},
  {"message":
   "FinitePrecisionLanczos/ExactLanczosReproduction.lean:237:36: This simp argument is unused:\n  Nat.add_sub_cancel\n\nHint: Omit it from the simp argument list.\n  simp only [Tmat, Fin.ext_iff,̵ ̵N̵a̵t̵.̵a̵d̵d̵_̵s̵u̵b̵_̵c̵a̵n̵c̵e̵l̵]\n\nNote: This linter can be disabled with `set_option linter.unusedSimpArgs false`",
   "level": "warning"},
  {"message":
   "FinitePrecisionLanczos/ExactLanczosReproduction.lean:238:29: Used `tac1 <;> tac2` where `(tac1; tac2)` would suffice\n\nNote: This linter can be disabled with `set_option linter.unnecessarySeqFocus false`",
   "level": "warning"}],
 "inputs":
 [["FinitePrecisionLanczos.ExactLanczosReproduction:deps",
   [["deps",
     [["Paige/FinitePrecisionLanczos:extraDep",
       [["@Paige:extraDep", "00000000000006bb"]]],
      ["imports",
       [["FinitePrecisionLanczos.GreenbaumModel transitive imports (legacy)",
         "6f88dfc9047806ee"],
        ["FinitePrecisionLanczos.GreenbaumModel:importAllArts",
         "19a05e1586bc4fe3"]]]]],
    ["libs",
     [["import dynlibs", "00000000000006bb"],
      ["package external libraries", "00000000000006bb"],
      ["module dynlibs", "00000000000006bb"],
      ["module plugins", "00000000000006bb"]]]]],
  ["Lean 4.32.2, commit f3b06c705e6c85f5314019d5d3baab0fec5b580c",
   "7508232886a2752a"],
  ["/home/tyler/Documents/Papers/simpler Lanczos/lean/FinitePrecisionLanczos/ExactLanczosReproduction.lean",
   "f9343a88e13bee7e"],
  ["options", "00000000000006bb"],
  ["isModule: false", "feefd2a0d3a1847e"],
  ["Module.name: FinitePrecisionLanczos.ExactLanczosReproduction",
   "b468a2b61c87f0e4"],
  ["Package.id?: (some Paige)", "51d68ade68902554"],
  ["Module.leanArgs: #[]", "00000000000006bb"]],
 "depHash": "cc74f8c7bdb4c916"}