{"synthetic": false,
 "schemaVersion": "2025-09-10",
 "outputs":
 {"o": ["ab458be89fe271c5.olean"],
  "m": false,
  "i": "992d47345b0e9795.ilean",
  "c": "4b1ee9f85f7e44f9.c"},
 "log":
 [{"message":
   ".> LEAN_PATH=/home/tyler/Documents/Papers/Block-Paige/lean/.lake/packages/Cli/.lake/build/lib/lean:/home/tyler/Documents/Papers/Block-Paige/lean/.lake/packages/batteries/.lake/build/lib/lean:/home/tyler/Documents/Papers/Block-Paige/lean/.lake/packages/Qq/.lake/build/lib/lean:/home/tyler/Documents/Papers/Block-Paige/lean/.lake/packages/aesop/.lake/build/lib/lean:/home/tyler/Documents/Papers/Block-Paige/lean/.lake/packages/proofwidgets/.lake/build/lib/lean:/home/tyler/Documents/Papers/Block-Paige/lean/.lake/packages/importGraph/.lake/build/lib/lean:/home/tyler/Documents/Papers/Block-Paige/lean/.lake/packages/LeanSearchClient/.lake/build/lib/lean:/home/tyler/Documents/Papers/Block-Paige/lean/.lake/packages/plausible/.lake/build/lib/lean:/home/tyler/Documents/Papers/Block-Paige/lean/.lake/packages/mathlib/.lake/build/lib/lean:/home/tyler/Documents/Papers/simpler Lanczos/lean/.lake/build/lib/lean /home/tyler/.elan/toolchains/leanprover--lean4---v4.32.2/bin/lean /home/tyler/Documents/Papers/simpler Lanczos/lean/FinitePrecisionLanczos/GreenbaumCorrection.lean -o /home/tyler/Documents/Papers/simpler Lanczos/lean/.lake/build/lib/lean/FinitePrecisionLanczos/GreenbaumCorrection.olean -i /home/tyler/Documents/Papers/simpler Lanczos/lean/.lake/build/lib/lean/FinitePrecisionLanczos/GreenbaumCorrection.ilean -c /home/tyler/Documents/Papers/simpler Lanczos/lean/.lake/build/ir/FinitePrecisionLanczos/GreenbaumCorrection.c --setup /home/tyler/Documents/Papers/simpler Lanczos/lean/.lake/build/ir/FinitePrecisionLanczos/GreenbaumCorrection.setup.json --json",
   "level": "trace"}],
 "inputs":
 [["FinitePrecisionLanczos.GreenbaumCorrection:deps",
   [["deps",
     [["Paige/FinitePrecisionLanczos:extraDep",
       [["@Paige:extraDep", "00000000000006bb"]]],
      ["imports",
       [["FinitePrecisionLanczos.CompletionCorrection transitive imports (legacy)",
         "ef1e49a95010352d"],
        ["FinitePrecisionLanczos.CompletionCorrection:importAllArts",
         "e5c6f22143f77809"]]]]],
    ["libs",
     [["import dynlibs", "00000000000006bb"],
      ["package external libraries", "00000000000006bb"],
      ["module dynlibs", "00000000000006bb"],
      ["module plugins", "00000000000006bb"]]]]],
  ["Lean 4.32.2, commit f3b06c705e6c85f5314019d5d3baab0fec5b580c",
   "7508232886a2752a"],
  ["/home/tyler/Documents/Papers/simpler Lanczos/lean/FinitePrecisionLanczos/GreenbaumCorrection.lean",
   "56a989eb10a7c8ff"],
  ["options", "00000000000006bb"],
  ["isModule: false", "feefd2a0d3a1847e"],
  ["Module.name: FinitePrecisionLanczos.GreenbaumCorrection",
   "fcf764d1324c3a44"],
  ["Package.id?: (some Paige)", "51d68ade68902554"],
  ["Module.leanArgs: #[]", "00000000000006bb"]],
 "depHash": "df4e017d7fcb5bad"}