{"synthetic": false,
 "schemaVersion": "2025-09-10",
 "outputs":
 {"o": ["f9a1d2d88ea2b735.olean"],
  "m": false,
  "i": "b92bdd4a8900085c.ilean",
  "c": "08a5fa840e2cfeb8.c"},
 "log":
 [{"message":
   ".> LEAN_PATH=/home/tyler/Documents/Papers/Block-Paige/lean/.lake/packages/Cli/.lake/build/lib/lean:/home/tyler/Documents/Papers/Block-Paige/lean/.lake/packages/batteries/.lake/build/lib/lean:/home/tyler/Documents/Papers/Block-Paige/lean/.lake/packages/Qq/.lake/build/lib/lean:/home/tyler/Documents/Papers/Block-Paige/lean/.lake/packages/aesop/.lake/build/lib/lean:/home/tyler/Documents/Papers/Block-Paige/lean/.lake/packages/proofwidgets/.lake/build/lib/lean:/home/tyler/Documents/Papers/Block-Paige/lean/.lake/packages/importGraph/.lake/build/lib/lean:/home/tyler/Documents/Papers/Block-Paige/lean/.lake/packages/LeanSearchClient/.lake/build/lib/lean:/home/tyler/Documents/Papers/Block-Paige/lean/.lake/packages/plausible/.lake/build/lib/lean:/home/tyler/Documents/Papers/Block-Paige/lean/.lake/packages/mathlib/.lake/build/lib/lean:/home/tyler/Documents/Papers/simpler Lanczos/lean/.lake/build/lib/lean /home/tyler/.elan/toolchains/leanprover--lean4---v4.32.2/bin/lean /home/tyler/Documents/Papers/simpler Lanczos/lean/FinitePrecisionLanczos/MatrixCompletion.lean -o /home/tyler/Documents/Papers/simpler Lanczos/lean/.lake/build/lib/lean/FinitePrecisionLanczos/MatrixCompletion.olean -i /home/tyler/Documents/Papers/simpler Lanczos/lean/.lake/build/lib/lean/FinitePrecisionLanczos/MatrixCompletion.ilean -c /home/tyler/Documents/Papers/simpler Lanczos/lean/.lake/build/ir/FinitePrecisionLanczos/MatrixCompletion.c --setup /home/tyler/Documents/Papers/simpler Lanczos/lean/.lake/build/ir/FinitePrecisionLanczos/MatrixCompletion.setup.json --json",
   "level": "trace"},
  {"message":
   "FinitePrecisionLanczos/MatrixCompletion.lean:22:0: automatically included section variable(s) unused in theorem `FinitePrecisionLanczos.euclideanColumn_apply`:\n  [Fintype I]\n  [Fintype J]\nconsider restructuring your `variable` declarations so that the variables are not in scope or explicitly omit them:\n  omit [Fintype I] [Fintype J] in theorem ...\n\nNote: This linter can be disabled with `set_option linter.unusedSectionVars false`",
   "level": "warning"},
  {"message":
   "FinitePrecisionLanczos/MatrixCompletion.lean:25:0: automatically included section variable(s) unused in theorem `FinitePrecisionLanczos.inner_euclideanColumn`:\n  [Fintype J]\nconsider restructuring your `variable` declarations so that the variables are not in scope or explicitly omit them:\n  omit [Fintype J] in theorem ...\n\nNote: This linter can be disabled with `set_option linter.unusedSectionVars false`",
   "level": "warning"},
  {"message":
   "FinitePrecisionLanczos/MatrixCompletion.lean:48:0: automatically included section variable(s) unused in theorem `FinitePrecisionLanczos.euclideanOperator_apply_column`:\n  [Fintype J]\nconsider restructuring your `variable` declarations so that the variables are not in scope or explicitly omit them:\n  omit [Fintype J] in theorem ...\n\nNote: This linter can be disabled with `set_option linter.unusedSectionVars false`",
   "level": "warning"},
  {"message":
   "FinitePrecisionLanczos/MatrixCompletion.lean:65:0: automatically included section variable(s) unused in theorem `FinitePrecisionLanczos.euclideanColumn_smul`:\n  [Fintype I]\nconsider restructuring your `variable` declarations so that the variables are not in scope or explicitly omit them:\n  omit [Fintype I] in theorem ...\n\nNote: This linter can be disabled with `set_option linter.unusedSectionVars false`",
   "level": "warning"},
  {"message":
   "FinitePrecisionLanczos/MatrixCompletion.lean:87:39: This simp argument is unused:\n  WithLp.ofLp_zero\n\nHint: Omit it from the simp argument list.\n  simp only [euclideanColumn, WithLp.ofLp_toLp, WithLp.ofLp_add,\n  ̵  ̵ ̵ ̵WithLp.ofLp_sum, WithLp.ofLp_smul, ̵W̵i̵t̵h̵L̵p̵.̵o̵f̵L̵p̵_̵z̵e̵r̵o̵,̵\n      Finset.sum_apply, Pi.smul_apply, Pi.add_apply, Pi.zero_apply,\n  ̵  ̵ ̵ ̵smul_eq_mul]\n\nNote: This linter can be disabled with `set_option linter.unusedSimpArgs false`",
   "level": "warning"},
  {"message":
   "FinitePrecisionLanczos/MatrixCompletion.lean:88:51: This simp argument is unused:\n  Pi.zero_apply\n\nHint: Omit it from the simp argument list.\n  simp only [euclideanColumn, WithLp.ofLp_toLp, WithLp.ofLp_add, WithLp.ofLp_sum, WithLp.ofLp_smul,\n  ̲  ̲ ̲ ̲WithLp.ofLp_zero, Finset.sum_apply, Pi.smul_apply, Pi.add_apply, P̵i̵.̵z̵e̵r̵o̵_̵a̵p̵p̵l̵y̵,̵smul_eq_mul]\n\nNote: This linter can be disabled with `set_option linter.unusedSimpArgs false`",
   "level": "warning"},
  {"message":
   "FinitePrecisionLanczos/MatrixCompletion.lean:104:31: This simp argument is unused:\n  hjval\n\nHint: Omit it from the simp argument list.\n  simp [hj, Pi.single_apply,̵ ̵h̵j̵v̵a̵l̵]\n\nNote: This linter can be disabled with `set_option linter.unusedSimpArgs false`",
   "level": "warning"}],
 "inputs":
 [["FinitePrecisionLanczos.MatrixCompletion:deps",
   [["deps",
     [["Paige/FinitePrecisionLanczos:extraDep",
       [["@Paige:extraDep", "00000000000006bb"]]],
      ["imports",
       [["FinitePrecisionLanczos.ExactCompletionBasis transitive imports (legacy)",
         "ccb2ddf8b6b208af"],
        ["FinitePrecisionLanczos.ExactCompletionBasis:importAllArts",
         "d49d2eb4e3570eac"]]]]],
    ["libs",
     [["import dynlibs", "00000000000006bb"],
      ["package external libraries", "00000000000006bb"],
      ["module dynlibs", "00000000000006bb"],
      ["module plugins", "00000000000006bb"]]]]],
  ["Lean 4.32.2, commit f3b06c705e6c85f5314019d5d3baab0fec5b580c",
   "7508232886a2752a"],
  ["/home/tyler/Documents/Papers/simpler Lanczos/lean/FinitePrecisionLanczos/MatrixCompletion.lean",
   "7bdaf285500598f8"],
  ["options", "00000000000006bb"],
  ["isModule: false", "feefd2a0d3a1847e"],
  ["Module.name: FinitePrecisionLanczos.MatrixCompletion", "21e5bd5feb6e2641"],
  ["Package.id?: (some Paige)", "51d68ade68902554"],
  ["Module.leanArgs: #[]", "00000000000006bb"]],
 "depHash": "cc11363b1835bf21"}