{"synthetic": false,
 "schemaVersion": "2025-09-10",
 "outputs":
 {"o": ["e7dd2ca193845496.olean"],
  "m": false,
  "i": "d236ad77c39ab106.ilean",
  "c": "1d65cd490b36e876.c"},
 "log":
 [{"message":
   ".> LEAN_PATH=/home/tyler/Documents/Papers/Block-Paige/lean/.lake/packages/Cli/.lake/build/lib/lean:/home/tyler/Documents/Papers/Block-Paige/lean/.lake/packages/batteries/.lake/build/lib/lean:/home/tyler/Documents/Papers/Block-Paige/lean/.lake/packages/Qq/.lake/build/lib/lean:/home/tyler/Documents/Papers/Block-Paige/lean/.lake/packages/aesop/.lake/build/lib/lean:/home/tyler/Documents/Papers/Block-Paige/lean/.lake/packages/proofwidgets/.lake/build/lib/lean:/home/tyler/Documents/Papers/Block-Paige/lean/.lake/packages/importGraph/.lake/build/lib/lean:/home/tyler/Documents/Papers/Block-Paige/lean/.lake/packages/LeanSearchClient/.lake/build/lib/lean:/home/tyler/Documents/Papers/Block-Paige/lean/.lake/packages/plausible/.lake/build/lib/lean:/home/tyler/Documents/Papers/Block-Paige/lean/.lake/packages/mathlib/.lake/build/lib/lean:/home/tyler/Documents/Papers/simpler Lanczos/simpler Paige/lean/.lake/build/lib/lean /home/tyler/.elan/toolchains/leanprover--lean4---v4.32.2/bin/lean /home/tyler/Documents/Papers/simpler Lanczos/simpler Paige/lean/FinitePrecisionLanczos/Ritz.lean -o /home/tyler/Documents/Papers/simpler Lanczos/simpler Paige/lean/.lake/build/lib/lean/FinitePrecisionLanczos/Ritz.olean -i /home/tyler/Documents/Papers/simpler Lanczos/simpler Paige/lean/.lake/build/lib/lean/FinitePrecisionLanczos/Ritz.ilean -c /home/tyler/Documents/Papers/simpler Lanczos/simpler Paige/lean/.lake/build/ir/FinitePrecisionLanczos/Ritz.c --setup /home/tyler/Documents/Papers/simpler Lanczos/simpler Paige/lean/.lake/build/ir/FinitePrecisionLanczos/Ritz.setup.json --json",
   "level": "trace"}],
 "inputs":
 [["FinitePrecisionLanczos.Ritz:deps",
   [["deps",
     [["Paige/FinitePrecisionLanczos:extraDep",
       [["@Paige:extraDep", "00000000000006bb"]]],
      ["imports",
       [["FinitePrecisionLanczos.LossBounds transitive imports (legacy)",
         "dda750e587bfcbfb"],
        ["FinitePrecisionLanczos.LossBounds:importAllArts",
         "862362be747fefe9"]]]]],
    ["libs",
     [["import dynlibs", "00000000000006bb"],
      ["package external libraries", "00000000000006bb"],
      ["module dynlibs", "00000000000006bb"],
      ["module plugins", "00000000000006bb"]]]]],
  ["Lean 4.32.2, commit f3b06c705e6c85f5314019d5d3baab0fec5b580c",
   "7508232886a2752a"],
  ["/home/tyler/Documents/Papers/simpler Lanczos/simpler Paige/lean/FinitePrecisionLanczos/Ritz.lean",
   "3d960e593a6e68c2"],
  ["options", "00000000000006bb"],
  ["isModule: false", "feefd2a0d3a1847e"],
  ["Module.name: FinitePrecisionLanczos.Ritz", "24432b0644a403a1"],
  ["Package.id?: (some Paige)", "51d68ade68902554"],
  ["Module.leanArgs: #[]", "00000000000006bb"]],
 "depHash": "d0e4f564c67695b8"}