{"synthetic": false,
 "schemaVersion": "2025-09-10",
 "outputs":
 {"o": ["954fba73cd440885.olean"],
  "m": false,
  "i": "5de064b01c173ef4.ilean",
  "c": "82d8384329fef4af.c"},
 "log":
 [{"message":
   ".> LEAN_PATH=/home/tyler/Documents/Papers/Block-Paige/lean/.lake/packages/Cli/.lake/build/lib/lean:/home/tyler/Documents/Papers/Block-Paige/lean/.lake/packages/batteries/.lake/build/lib/lean:/home/tyler/Documents/Papers/Block-Paige/lean/.lake/packages/Qq/.lake/build/lib/lean:/home/tyler/Documents/Papers/Block-Paige/lean/.lake/packages/aesop/.lake/build/lib/lean:/home/tyler/Documents/Papers/Block-Paige/lean/.lake/packages/proofwidgets/.lake/build/lib/lean:/home/tyler/Documents/Papers/Block-Paige/lean/.lake/packages/importGraph/.lake/build/lib/lean:/home/tyler/Documents/Papers/Block-Paige/lean/.lake/packages/LeanSearchClient/.lake/build/lib/lean:/home/tyler/Documents/Papers/Block-Paige/lean/.lake/packages/plausible/.lake/build/lib/lean:/home/tyler/Documents/Papers/Block-Paige/lean/.lake/packages/mathlib/.lake/build/lib/lean:/home/tyler/Documents/Papers/simpler Lanczos/simpler Paige/lean/.lake/build/lib/lean /home/tyler/.elan/toolchains/leanprover--lean4---v4.32.2/bin/lean /home/tyler/Documents/Papers/simpler Lanczos/simpler Paige/lean/FinitePrecisionLanczos/Run.lean -o /home/tyler/Documents/Papers/simpler Lanczos/simpler Paige/lean/.lake/build/lib/lean/FinitePrecisionLanczos/Run.olean -i /home/tyler/Documents/Papers/simpler Lanczos/simpler Paige/lean/.lake/build/lib/lean/FinitePrecisionLanczos/Run.ilean -c /home/tyler/Documents/Papers/simpler Lanczos/simpler Paige/lean/.lake/build/ir/FinitePrecisionLanczos/Run.c --setup /home/tyler/Documents/Papers/simpler Lanczos/simpler Paige/lean/.lake/build/ir/FinitePrecisionLanczos/Run.setup.json --json",
   "level": "trace"}],
 "inputs":
 [["FinitePrecisionLanczos.Run:deps",
   [["deps",
     [["Paige/FinitePrecisionLanczos:extraDep",
       [["@Paige:extraDep", "00000000000006bb"]]],
      ["imports",
       [["FinitePrecisionLanczos.Matrix transitive imports (legacy)",
         "29944cfd8071b685"],
        ["FinitePrecisionLanczos.Matrix:importAllArts", "25eae531ad8816af"]]]]],
    ["libs",
     [["import dynlibs", "00000000000006bb"],
      ["package external libraries", "00000000000006bb"],
      ["module dynlibs", "00000000000006bb"],
      ["module plugins", "00000000000006bb"]]]]],
  ["Lean 4.32.2, commit f3b06c705e6c85f5314019d5d3baab0fec5b580c",
   "7508232886a2752a"],
  ["/home/tyler/Documents/Papers/simpler Lanczos/simpler Paige/lean/FinitePrecisionLanczos/Run.lean",
   "0d45ab9fe17ccfb5"],
  ["options", "00000000000006bb"],
  ["isModule: false", "feefd2a0d3a1847e"],
  ["Module.name: FinitePrecisionLanczos.Run", "dac91bac84ebee3c"],
  ["Package.id?: (some Paige)", "51d68ade68902554"],
  ["Module.leanArgs: #[]", "00000000000006bb"]],
 "depHash": "360447a469503894"}