{"synthetic": false,
 "schemaVersion": "2025-09-10",
 "outputs":
 {"o": ["da71d439ca8227ac.olean"],
  "m": false,
  "i": "d61d65486370cf4f.ilean",
  "c": "9eb2f5e1f915350c.c"},
 "log":
 [{"message":
   ".> LEAN_PATH=/home/tyler/Documents/Papers/Block-Paige/lean/.lake/packages/Cli/.lake/build/lib/lean:/home/tyler/Documents/Papers/Block-Paige/lean/.lake/packages/batteries/.lake/build/lib/lean:/home/tyler/Documents/Papers/Block-Paige/lean/.lake/packages/Qq/.lake/build/lib/lean:/home/tyler/Documents/Papers/Block-Paige/lean/.lake/packages/aesop/.lake/build/lib/lean:/home/tyler/Documents/Papers/Block-Paige/lean/.lake/packages/proofwidgets/.lake/build/lib/lean:/home/tyler/Documents/Papers/Block-Paige/lean/.lake/packages/importGraph/.lake/build/lib/lean:/home/tyler/Documents/Papers/Block-Paige/lean/.lake/packages/LeanSearchClient/.lake/build/lib/lean:/home/tyler/Documents/Papers/Block-Paige/lean/.lake/packages/plausible/.lake/build/lib/lean:/home/tyler/Documents/Papers/Block-Paige/lean/.lake/packages/mathlib/.lake/build/lib/lean:/home/tyler/Documents/Papers/simpler Lanczos/lean/.lake/build/lib/lean /home/tyler/.elan/toolchains/leanprover--lean4---v4.32.2/bin/lean /home/tyler/Documents/Papers/simpler Lanczos/lean/FinitePrecisionLanczos/SpectralWasserstein.lean -o /home/tyler/Documents/Papers/simpler Lanczos/lean/.lake/build/lib/lean/FinitePrecisionLanczos/SpectralWasserstein.olean -i /home/tyler/Documents/Papers/simpler Lanczos/lean/.lake/build/lib/lean/FinitePrecisionLanczos/SpectralWasserstein.ilean -c /home/tyler/Documents/Papers/simpler Lanczos/lean/.lake/build/ir/FinitePrecisionLanczos/SpectralWasserstein.c --setup /home/tyler/Documents/Papers/simpler Lanczos/lean/.lake/build/ir/FinitePrecisionLanczos/SpectralWasserstein.setup.json --json",
   "level": "trace"}],
 "inputs":
 [["FinitePrecisionLanczos.SpectralWasserstein:deps",
   [["deps",
     [["Paige/FinitePrecisionLanczos:extraDep",
       [["@Paige:extraDep", "00000000000006bb"]]],
      ["imports",
       [["FinitePrecisionLanczos.SpectralWassersteinCore transitive imports (legacy)",
         "fe6e078016568cc8"],
        ["FinitePrecisionLanczos.SpectralWassersteinCore:importAllArts",
         "78dded32e760ff36"]]]]],
    ["libs",
     [["import dynlibs", "00000000000006bb"],
      ["package external libraries", "00000000000006bb"],
      ["module dynlibs", "00000000000006bb"],
      ["module plugins", "00000000000006bb"]]]]],
  ["Lean 4.32.2, commit f3b06c705e6c85f5314019d5d3baab0fec5b580c",
   "7508232886a2752a"],
  ["/home/tyler/Documents/Papers/simpler Lanczos/lean/FinitePrecisionLanczos/SpectralWasserstein.lean",
   "b0ef7a52631c0f0f"],
  ["options", "00000000000006bb"],
  ["isModule: false", "feefd2a0d3a1847e"],
  ["Module.name: FinitePrecisionLanczos.SpectralWasserstein",
   "2476954d4a0bf4ba"],
  ["Package.id?: (some Paige)", "51d68ade68902554"],
  ["Module.leanArgs: #[]", "00000000000006bb"]],
 "depHash": "f5061d0539ee6a69"}