{"synthetic": false,
 "schemaVersion": "2025-09-10",
 "outputs":
 {"o": ["776c0be31ad8fa55.olean"],
  "m": false,
  "i": "797765fa35812d3c.ilean",
  "c": "859cd0d1a84a256d.c"},
 "log":
 [{"message":
   ".> LEAN_PATH=/home/tyler/Documents/Papers/Block-Paige/lean/.lake/packages/Cli/.lake/build/lib/lean:/home/tyler/Documents/Papers/Block-Paige/lean/.lake/packages/batteries/.lake/build/lib/lean:/home/tyler/Documents/Papers/Block-Paige/lean/.lake/packages/Qq/.lake/build/lib/lean:/home/tyler/Documents/Papers/Block-Paige/lean/.lake/packages/aesop/.lake/build/lib/lean:/home/tyler/Documents/Papers/Block-Paige/lean/.lake/packages/proofwidgets/.lake/build/lib/lean:/home/tyler/Documents/Papers/Block-Paige/lean/.lake/packages/importGraph/.lake/build/lib/lean:/home/tyler/Documents/Papers/Block-Paige/lean/.lake/packages/LeanSearchClient/.lake/build/lib/lean:/home/tyler/Documents/Papers/Block-Paige/lean/.lake/packages/plausible/.lake/build/lib/lean:/home/tyler/Documents/Papers/Block-Paige/lean/.lake/packages/mathlib/.lake/build/lib/lean:/home/tyler/Documents/Papers/simpler Lanczos/lean/.lake/build/lib/lean /home/tyler/.elan/toolchains/leanprover--lean4---v4.32.2/bin/lean /home/tyler/Documents/Papers/simpler Lanczos/lean/FinitePrecisionLanczos/Lanczos/Greenbaum/Interface.lean -o /home/tyler/Documents/Papers/simpler Lanczos/lean/.lake/build/lib/lean/FinitePrecisionLanczos/Lanczos/Greenbaum/Interface.olean -i /home/tyler/Documents/Papers/simpler Lanczos/lean/.lake/build/lib/lean/FinitePrecisionLanczos/Lanczos/Greenbaum/Interface.ilean -c /home/tyler/Documents/Papers/simpler Lanczos/lean/.lake/build/ir/FinitePrecisionLanczos/Lanczos/Greenbaum/Interface.c --setup /home/tyler/Documents/Papers/simpler Lanczos/lean/.lake/build/ir/FinitePrecisionLanczos/Lanczos/Greenbaum/Interface.setup.json --json",
   "level": "trace"}],
 "inputs":
 [["FinitePrecisionLanczos.Lanczos.Greenbaum.Interface:deps",
   [["deps",
     [["FinitePrecisionLanczos/FinitePrecisionLanczos:extraDep",
       [["@FinitePrecisionLanczos:extraDep", "00000000000006bb"]]],
      ["imports",
       [["FinitePrecisionLanczos.Lanczos.Paige.Stabilized transitive imports (legacy)",
         "9547b4d315681d9a"],
        ["FinitePrecisionLanczos.Lanczos.Paige.Stabilized:importAllArts",
         "de11f0db1455d696"]]]]],
    ["libs",
     [["import dynlibs", "00000000000006bb"],
      ["package external libraries", "00000000000006bb"],
      ["module dynlibs", "00000000000006bb"],
      ["module plugins", "00000000000006bb"]]]]],
  ["Lean 4.32.2, commit f3b06c705e6c85f5314019d5d3baab0fec5b580c",
   "7508232886a2752a"],
  ["/home/tyler/Documents/Papers/simpler Lanczos/lean/FinitePrecisionLanczos/Lanczos/Greenbaum/Interface.lean",
   "135cf6cbc47f23bd"],
  ["options", "00000000000006bb"],
  ["isModule: false", "feefd2a0d3a1847e"],
  ["Module.name: FinitePrecisionLanczos.Lanczos.Greenbaum.Interface",
   "aa8db201396ac5f0"],
  ["Package.id?: (some FinitePrecisionLanczos)", "da844cfdc4e35ff3"],
  ["Module.leanArgs: #[]", "00000000000006bb"]],
 "depHash": "6cfc9d9c226d7d1a"}