{"synthetic": false,
 "schemaVersion": "2025-09-10",
 "outputs":
 {"o": ["6fb03d96fdb2cb95.olean"],
  "m": false,
  "i": "16297ac3019d9d2b.ilean",
  "c": "1e5a8fe8f7eb2241.c"},
 "log":
 [{"message":
   ".> LEAN_PATH=/home/tyler/Documents/Papers/Block-Paige/lean/.lake/packages/Cli/.lake/build/lib/lean:/home/tyler/Documents/Papers/Block-Paige/lean/.lake/packages/batteries/.lake/build/lib/lean:/home/tyler/Documents/Papers/Block-Paige/lean/.lake/packages/Qq/.lake/build/lib/lean:/home/tyler/Documents/Papers/Block-Paige/lean/.lake/packages/aesop/.lake/build/lib/lean:/home/tyler/Documents/Papers/Block-Paige/lean/.lake/packages/proofwidgets/.lake/build/lib/lean:/home/tyler/Documents/Papers/Block-Paige/lean/.lake/packages/importGraph/.lake/build/lib/lean:/home/tyler/Documents/Papers/Block-Paige/lean/.lake/packages/LeanSearchClient/.lake/build/lib/lean:/home/tyler/Documents/Papers/Block-Paige/lean/.lake/packages/plausible/.lake/build/lib/lean:/home/tyler/Documents/Papers/Block-Paige/lean/.lake/packages/mathlib/.lake/build/lib/lean:/home/tyler/Documents/Papers/simpler Lanczos/lean/.lake/build/lib/lean /home/tyler/.elan/toolchains/leanprover--lean4---v4.32.2/bin/lean /home/tyler/Documents/Papers/simpler Lanczos/lean/FinitePrecisionLanczos/Lanczos/Greenbaum/Statements.lean -o /home/tyler/Documents/Papers/simpler Lanczos/lean/.lake/build/lib/lean/FinitePrecisionLanczos/Lanczos/Greenbaum/Statements.olean -i /home/tyler/Documents/Papers/simpler Lanczos/lean/.lake/build/lib/lean/FinitePrecisionLanczos/Lanczos/Greenbaum/Statements.ilean -c /home/tyler/Documents/Papers/simpler Lanczos/lean/.lake/build/ir/FinitePrecisionLanczos/Lanczos/Greenbaum/Statements.c --setup /home/tyler/Documents/Papers/simpler Lanczos/lean/.lake/build/ir/FinitePrecisionLanczos/Lanczos/Greenbaum/Statements.setup.json --json",
   "level": "trace"}],
 "inputs":
 [["FinitePrecisionLanczos.Lanczos.Greenbaum.Statements:deps",
   [["deps",
     [["FinitePrecisionLanczos/FinitePrecisionLanczos:extraDep",
       [["@FinitePrecisionLanczos:extraDep", "00000000000006bb"]]],
      ["imports",
       [["FinitePrecisionLanczos.Lanczos.Greenbaum.Dilation transitive imports (legacy)",
         "667576cde8e7e9e8"],
        ["FinitePrecisionLanczos.Lanczos.Greenbaum.Dilation:importAllArts",
         "baabf550138b5690"]]]]],
    ["libs",
     [["import dynlibs", "00000000000006bb"],
      ["package external libraries", "00000000000006bb"],
      ["module dynlibs", "00000000000006bb"],
      ["module plugins", "00000000000006bb"]]]]],
  ["Lean 4.32.2, commit f3b06c705e6c85f5314019d5d3baab0fec5b580c",
   "7508232886a2752a"],
  ["/home/tyler/Documents/Papers/simpler Lanczos/lean/FinitePrecisionLanczos/Lanczos/Greenbaum/Statements.lean",
   "d26d3d33f751d9e8"],
  ["options", "00000000000006bb"],
  ["isModule: false", "feefd2a0d3a1847e"],
  ["Module.name: FinitePrecisionLanczos.Lanczos.Greenbaum.Statements",
   "e2a5ca5c95d12eb9"],
  ["Package.id?: (some FinitePrecisionLanczos)", "da844cfdc4e35ff3"],
  ["Module.leanArgs: #[]", "00000000000006bb"]],
 "depHash": "243dd3213a983e80"}