{"synthetic": false,
 "schemaVersion": "2025-09-10",
 "outputs":
 {"o": ["a2f011bcee33a86b.olean"],
  "m": false,
  "i": "724f0b49b455ffcb.ilean",
  "c": "1770c971a1787333.c"},
 "log":
 [{"message":
   ".> LEAN_PATH=/home/tyler/Documents/Papers/Block-Paige/lean/.lake/packages/Cli/.lake/build/lib/lean:/home/tyler/Documents/Papers/Block-Paige/lean/.lake/packages/batteries/.lake/build/lib/lean:/home/tyler/Documents/Papers/Block-Paige/lean/.lake/packages/Qq/.lake/build/lib/lean:/home/tyler/Documents/Papers/Block-Paige/lean/.lake/packages/aesop/.lake/build/lib/lean:/home/tyler/Documents/Papers/Block-Paige/lean/.lake/packages/proofwidgets/.lake/build/lib/lean:/home/tyler/Documents/Papers/Block-Paige/lean/.lake/packages/importGraph/.lake/build/lib/lean:/home/tyler/Documents/Papers/Block-Paige/lean/.lake/packages/LeanSearchClient/.lake/build/lib/lean:/home/tyler/Documents/Papers/Block-Paige/lean/.lake/packages/plausible/.lake/build/lib/lean:/home/tyler/Documents/Papers/Block-Paige/lean/.lake/packages/mathlib/.lake/build/lib/lean:/home/tyler/Documents/Papers/simpler Lanczos/lean/.lake/build/lib/lean /home/tyler/.elan/toolchains/leanprover--lean4---v4.32.2/bin/lean /home/tyler/Documents/Papers/simpler Lanczos/lean/FinitePrecisionLanczos/Lanczos/Paige/Statements.lean -o /home/tyler/Documents/Papers/simpler Lanczos/lean/.lake/build/lib/lean/FinitePrecisionLanczos/Lanczos/Paige/Statements.olean -i /home/tyler/Documents/Papers/simpler Lanczos/lean/.lake/build/lib/lean/FinitePrecisionLanczos/Lanczos/Paige/Statements.ilean -c /home/tyler/Documents/Papers/simpler Lanczos/lean/.lake/build/ir/FinitePrecisionLanczos/Lanczos/Paige/Statements.c --setup /home/tyler/Documents/Papers/simpler Lanczos/lean/.lake/build/ir/FinitePrecisionLanczos/Lanczos/Paige/Statements.setup.json --json",
   "level": "trace"}],
 "inputs":
 [["FinitePrecisionLanczos.Lanczos.Paige.Statements:deps",
   [["deps",
     [["FinitePrecisionLanczos/FinitePrecisionLanczos:extraDep",
       [["@FinitePrecisionLanczos:extraDep", "00000000000006bb"]]],
      ["imports",
       [["FinitePrecisionLanczos.Lanczos.Paige.Stabilized transitive imports (legacy)",
         "9547b4d315681d9a"],
        ["FinitePrecisionLanczos.Lanczos.Paige.Stabilized:importAllArts",
         "de11f0db1455d696"]]]]],
    ["libs",
     [["import dynlibs", "00000000000006bb"],
      ["package external libraries", "00000000000006bb"],
      ["module dynlibs", "00000000000006bb"],
      ["module plugins", "00000000000006bb"]]]]],
  ["Lean 4.32.2, commit f3b06c705e6c85f5314019d5d3baab0fec5b580c",
   "7508232886a2752a"],
  ["/home/tyler/Documents/Papers/simpler Lanczos/lean/FinitePrecisionLanczos/Lanczos/Paige/Statements.lean",
   "02ac6f91b45a99fa"],
  ["options", "00000000000006bb"],
  ["isModule: false", "feefd2a0d3a1847e"],
  ["Module.name: FinitePrecisionLanczos.Lanczos.Paige.Statements",
   "d2dcfb47f463ae25"],
  ["Package.id?: (some FinitePrecisionLanczos)", "da844cfdc4e35ff3"],
  ["Module.leanArgs: #[]", "00000000000006bb"]],
 "depHash": "8b29305022e5230c"}