{"synthetic": false,
 "schemaVersion": "2025-09-10",
 "outputs":
 {"o": ["1d312064c13191d2.olean"],
  "m": false,
  "i": "8e391469f75bc417.ilean",
  "c": "729e9fd2039375d7.c"},
 "log":
 [{"message":
   ".> LEAN_PATH=/home/tyler/Documents/Papers/Block-Paige/lean/.lake/packages/Cli/.lake/build/lib/lean:/home/tyler/Documents/Papers/Block-Paige/lean/.lake/packages/batteries/.lake/build/lib/lean:/home/tyler/Documents/Papers/Block-Paige/lean/.lake/packages/Qq/.lake/build/lib/lean:/home/tyler/Documents/Papers/Block-Paige/lean/.lake/packages/aesop/.lake/build/lib/lean:/home/tyler/Documents/Papers/Block-Paige/lean/.lake/packages/proofwidgets/.lake/build/lib/lean:/home/tyler/Documents/Papers/Block-Paige/lean/.lake/packages/importGraph/.lake/build/lib/lean:/home/tyler/Documents/Papers/Block-Paige/lean/.lake/packages/LeanSearchClient/.lake/build/lib/lean:/home/tyler/Documents/Papers/Block-Paige/lean/.lake/packages/plausible/.lake/build/lib/lean:/home/tyler/Documents/Papers/Block-Paige/lean/.lake/packages/mathlib/.lake/build/lib/lean:/home/tyler/Documents/scratch/lean/.lake/build/lib/lean /home/tyler/.elan/toolchains/leanprover--lean4---v4.32.2/bin/lean /home/tyler/Documents/scratch/lean/FinitePrecisionLanczos/Lanczos/Bounds.lean -o /home/tyler/Documents/scratch/lean/.lake/build/lib/lean/FinitePrecisionLanczos/Lanczos/Bounds.olean -i /home/tyler/Documents/scratch/lean/.lake/build/lib/lean/FinitePrecisionLanczos/Lanczos/Bounds.ilean -c /home/tyler/Documents/scratch/lean/.lake/build/ir/FinitePrecisionLanczos/Lanczos/Bounds.c --setup /home/tyler/Documents/scratch/lean/.lake/build/ir/FinitePrecisionLanczos/Lanczos/Bounds.setup.json --json",
   "level": "trace"},
  {"message":
   "FinitePrecisionLanczos/Lanczos/Bounds.lean:124:38: Variable name `hj` is not explicitly referenced.\n\nThe binding can be removed (if unused) or named `_` (if used implicitly).\n\nNote: This linter can be disabled with `set_option linter.unusedVariables false`",
   "level": "warning"}],
 "inputs":
 [["FinitePrecisionLanczos.Lanczos.Bounds:deps",
   [["deps",
     [["FinitePrecisionLanczos/FinitePrecisionLanczos:extraDep",
       [["@FinitePrecisionLanczos:extraDep", "00000000000006bb"]]],
      ["imports",
       [["FinitePrecisionLanczos.Lanczos.Run transitive imports (legacy)",
         "cc00a9615c4dc4c4"],
        ["FinitePrecisionLanczos.Lanczos.Run:importAllArts",
         "1fd49a0bdb69e1bc"]]]]],
    ["libs",
     [["import dynlibs", "00000000000006bb"],
      ["package external libraries", "00000000000006bb"],
      ["module dynlibs", "00000000000006bb"],
      ["module plugins", "00000000000006bb"]]]]],
  ["Lean 4.32.2, commit f3b06c705e6c85f5314019d5d3baab0fec5b580c",
   "7508232886a2752a"],
  ["/home/tyler/Documents/scratch/lean/FinitePrecisionLanczos/Lanczos/Bounds.lean",
   "781c3eecc494948a"],
  ["options", "00000000000006bb"],
  ["isModule: false", "feefd2a0d3a1847e"],
  ["Module.name: FinitePrecisionLanczos.Lanczos.Bounds", "6f2865beeb41440d"],
  ["Package.id?: (some FinitePrecisionLanczos)", "da844cfdc4e35ff3"],
  ["Module.leanArgs: #[]", "00000000000006bb"]],
 "depHash": "781322192c80edde"}