{"synthetic": false,
 "schemaVersion": "2025-09-10",
 "outputs":
 {"o": ["47290f9299b22858.olean"],
  "m": false,
  "i": "f8a8d6602e59e2d5.ilean",
  "c": "8166ac2cad1a4fdb.c"},
 "log":
 [{"message":
   ".> LEAN_PATH=/home/tyler/Documents/Papers/Block-Paige/lean/.lake/packages/Cli/.lake/build/lib/lean:/home/tyler/Documents/Papers/Block-Paige/lean/.lake/packages/batteries/.lake/build/lib/lean:/home/tyler/Documents/Papers/Block-Paige/lean/.lake/packages/Qq/.lake/build/lib/lean:/home/tyler/Documents/Papers/Block-Paige/lean/.lake/packages/aesop/.lake/build/lib/lean:/home/tyler/Documents/Papers/Block-Paige/lean/.lake/packages/proofwidgets/.lake/build/lib/lean:/home/tyler/Documents/Papers/Block-Paige/lean/.lake/packages/importGraph/.lake/build/lib/lean:/home/tyler/Documents/Papers/Block-Paige/lean/.lake/packages/LeanSearchClient/.lake/build/lib/lean:/home/tyler/Documents/Papers/Block-Paige/lean/.lake/packages/plausible/.lake/build/lib/lean:/home/tyler/Documents/Papers/Block-Paige/lean/.lake/packages/mathlib/.lake/build/lib/lean:/home/tyler/Documents/scratch/lean/.lake/build/lib/lean /home/tyler/.elan/toolchains/leanprover--lean4---v4.32.2/bin/lean /home/tyler/Documents/scratch/lean/FinitePrecisionLanczos/Lanczos/Greenbaum/Cluster.lean -o /home/tyler/Documents/scratch/lean/.lake/build/lib/lean/FinitePrecisionLanczos/Lanczos/Greenbaum/Cluster.olean -i /home/tyler/Documents/scratch/lean/.lake/build/lib/lean/FinitePrecisionLanczos/Lanczos/Greenbaum/Cluster.ilean -c /home/tyler/Documents/scratch/lean/.lake/build/ir/FinitePrecisionLanczos/Lanczos/Greenbaum/Cluster.c --setup /home/tyler/Documents/scratch/lean/.lake/build/ir/FinitePrecisionLanczos/Lanczos/Greenbaum/Cluster.setup.json --json",
   "level": "trace"}],
 "inputs":
 [["FinitePrecisionLanczos.Lanczos.Greenbaum.Cluster:deps",
   [["deps",
     [["FinitePrecisionLanczos/FinitePrecisionLanczos:extraDep",
       [["@FinitePrecisionLanczos:extraDep", "00000000000006bb"]]],
      ["imports",
       [["FinitePrecisionLanczos.Core.Measure.ClusterGeometry transitive imports (legacy)",
         "754d7a2e6e5ef756"],
        ["FinitePrecisionLanczos.Core.Measure.ClusterGeometry:importAllArts",
         "1d89720ed4da66e3"],
        ["FinitePrecisionLanczos.Lanczos.Greenbaum.Wasserstein transitive imports (legacy)",
         "e7e92140b187e528"],
        ["FinitePrecisionLanczos.Lanczos.Greenbaum.Wasserstein:importAllArts",
         "c6b4d295714781a8"]]]]],
    ["libs",
     [["import dynlibs", "00000000000006bb"],
      ["package external libraries", "00000000000006bb"],
      ["module dynlibs", "00000000000006bb"],
      ["module plugins", "00000000000006bb"]]]]],
  ["Lean 4.32.2, commit f3b06c705e6c85f5314019d5d3baab0fec5b580c",
   "7508232886a2752a"],
  ["/home/tyler/Documents/scratch/lean/FinitePrecisionLanczos/Lanczos/Greenbaum/Cluster.lean",
   "e785c3038b6553a7"],
  ["options", "00000000000006bb"],
  ["isModule: false", "feefd2a0d3a1847e"],
  ["Module.name: FinitePrecisionLanczos.Lanczos.Greenbaum.Cluster",
   "63bc45138188066d"],
  ["Package.id?: (some FinitePrecisionLanczos)", "da844cfdc4e35ff3"],
  ["Module.leanArgs: #[]", "00000000000006bb"]],
 "depHash": "a1420b31af7f75d0"}