{"synthetic": false,
 "schemaVersion": "2025-09-10",
 "outputs":
 {"o": ["e2f5ef496c01150a.olean"],
  "m": false,
  "i": "37776a4d2528141f.ilean",
  "c": "87068cd9dbcb3610.c"},
 "log":
 [{"message":
   ".> LEAN_PATH=/home/tyler/Documents/Papers/Block-Paige/lean/.lake/packages/Cli/.lake/build/lib/lean:/home/tyler/Documents/Papers/Block-Paige/lean/.lake/packages/batteries/.lake/build/lib/lean:/home/tyler/Documents/Papers/Block-Paige/lean/.lake/packages/Qq/.lake/build/lib/lean:/home/tyler/Documents/Papers/Block-Paige/lean/.lake/packages/aesop/.lake/build/lib/lean:/home/tyler/Documents/Papers/Block-Paige/lean/.lake/packages/proofwidgets/.lake/build/lib/lean:/home/tyler/Documents/Papers/Block-Paige/lean/.lake/packages/importGraph/.lake/build/lib/lean:/home/tyler/Documents/Papers/Block-Paige/lean/.lake/packages/LeanSearchClient/.lake/build/lib/lean:/home/tyler/Documents/Papers/Block-Paige/lean/.lake/packages/plausible/.lake/build/lib/lean:/home/tyler/Documents/Papers/Block-Paige/lean/.lake/packages/mathlib/.lake/build/lib/lean:/home/tyler/Documents/scratch/lean/.lake/build/lib/lean /home/tyler/.elan/toolchains/leanprover--lean4---v4.32.2/bin/lean /home/tyler/Documents/scratch/lean/FinitePrecisionLanczos/Lanczos/Greenbaum/NormalizedRecurrence.lean -o /home/tyler/Documents/scratch/lean/.lake/build/lib/lean/FinitePrecisionLanczos/Lanczos/Greenbaum/NormalizedRecurrence.olean -i /home/tyler/Documents/scratch/lean/.lake/build/lib/lean/FinitePrecisionLanczos/Lanczos/Greenbaum/NormalizedRecurrence.ilean -c /home/tyler/Documents/scratch/lean/.lake/build/ir/FinitePrecisionLanczos/Lanczos/Greenbaum/NormalizedRecurrence.c --setup /home/tyler/Documents/scratch/lean/.lake/build/ir/FinitePrecisionLanczos/Lanczos/Greenbaum/NormalizedRecurrence.setup.json --json",
   "level": "trace"}],
 "inputs":
 [["FinitePrecisionLanczos.Lanczos.Greenbaum.NormalizedRecurrence:deps",
   [["deps",
     [["FinitePrecisionLanczos/FinitePrecisionLanczos:extraDep",
       [["@FinitePrecisionLanczos:extraDep", "00000000000006bb"]]],
      ["imports",
       [["FinitePrecisionLanczos.Lanczos.Greenbaum.Normalization transitive imports (legacy)",
         "fec3a10b00d5772b"],
        ["FinitePrecisionLanczos.Lanczos.Greenbaum.Normalization:importAllArts",
         "c9f406de67642211"]]]]],
    ["libs",
     [["import dynlibs", "00000000000006bb"],
      ["package external libraries", "00000000000006bb"],
      ["module dynlibs", "00000000000006bb"],
      ["module plugins", "00000000000006bb"]]]]],
  ["Lean 4.32.2, commit f3b06c705e6c85f5314019d5d3baab0fec5b580c",
   "7508232886a2752a"],
  ["/home/tyler/Documents/scratch/lean/FinitePrecisionLanczos/Lanczos/Greenbaum/NormalizedRecurrence.lean",
   "823300aae79c9095"],
  ["options", "00000000000006bb"],
  ["isModule: false", "feefd2a0d3a1847e"],
  ["Module.name: FinitePrecisionLanczos.Lanczos.Greenbaum.NormalizedRecurrence",
   "55151395f16d0404"],
  ["Package.id?: (some FinitePrecisionLanczos)", "da844cfdc4e35ff3"],
  ["Module.leanArgs: #[]", "00000000000006bb"]],
 "depHash": "63774087c7d80bc6"}