{"synthetic": false,
 "schemaVersion": "2025-09-10",
 "outputs":
 {"o": ["75659d5b9f4a6b27.olean"],
  "m": false,
  "i": "ca7053f2ee302a44.ilean",
  "c": "288ccbe67310cd14.c"},
 "log":
 [{"message":
   ".> LEAN_PATH=/home/tyler/Documents/Papers/Block-Paige/lean/.lake/packages/Cli/.lake/build/lib/lean:/home/tyler/Documents/Papers/Block-Paige/lean/.lake/packages/batteries/.lake/build/lib/lean:/home/tyler/Documents/Papers/Block-Paige/lean/.lake/packages/Qq/.lake/build/lib/lean:/home/tyler/Documents/Papers/Block-Paige/lean/.lake/packages/aesop/.lake/build/lib/lean:/home/tyler/Documents/Papers/Block-Paige/lean/.lake/packages/proofwidgets/.lake/build/lib/lean:/home/tyler/Documents/Papers/Block-Paige/lean/.lake/packages/importGraph/.lake/build/lib/lean:/home/tyler/Documents/Papers/Block-Paige/lean/.lake/packages/LeanSearchClient/.lake/build/lib/lean:/home/tyler/Documents/Papers/Block-Paige/lean/.lake/packages/plausible/.lake/build/lib/lean:/home/tyler/Documents/Papers/Block-Paige/lean/.lake/packages/mathlib/.lake/build/lib/lean:/home/tyler/Documents/scratch/lean/.lake/build/lib/lean /home/tyler/.elan/toolchains/leanprover--lean4---v4.32.2/bin/lean /home/tyler/Documents/scratch/lean/FinitePrecisionLanczos/Core/Measure/Cutoff.lean -o /home/tyler/Documents/scratch/lean/.lake/build/lib/lean/FinitePrecisionLanczos/Core/Measure/Cutoff.olean -i /home/tyler/Documents/scratch/lean/.lake/build/lib/lean/FinitePrecisionLanczos/Core/Measure/Cutoff.ilean -c /home/tyler/Documents/scratch/lean/.lake/build/ir/FinitePrecisionLanczos/Core/Measure/Cutoff.c --setup /home/tyler/Documents/scratch/lean/.lake/build/ir/FinitePrecisionLanczos/Core/Measure/Cutoff.setup.json --json",
   "level": "trace"},
  {"message":
   "FinitePrecisionLanczos/Core/Measure/Cutoff.lean:119:42: Used `tac1 <;> tac2` where `(tac1; tac2)` would suffice\n\nNote: This linter can be disabled with `set_option linter.unnecessarySeqFocus false`",
   "level": "warning"},
  {"message":
   "FinitePrecisionLanczos/Core/Measure/Cutoff.lean:122:42: Used `tac1 <;> tac2` where `(tac1; tac2)` would suffice\n\nNote: This linter can be disabled with `set_option linter.unnecessarySeqFocus false`",
   "level": "warning"}],
 "inputs":
 [["FinitePrecisionLanczos.Core.Measure.Cutoff:deps",
   [["deps",
     [["FinitePrecisionLanczos/FinitePrecisionLanczos:extraDep",
       [["@FinitePrecisionLanczos:extraDep", "00000000000006bb"]]],
      ["imports",
       [["FinitePrecisionLanczos.Core.Measure.Wasserstein transitive imports (legacy)",
         "5d6e8b4ceaa93fff"],
        ["FinitePrecisionLanczos.Core.Measure.Wasserstein:importAllArts",
         "22ada541ba4e5286"],
        ["Mathlib.Topology.MetricSpace.Lipschitz transitive imports (legacy)",
         "4d5489cc54e730a0"],
        ["Mathlib.Topology.MetricSpace.Lipschitz:importAllArts",
         "7af1ddcce1abbbe8"]]]]],
    ["libs",
     [["import dynlibs", "00000000000006bb"],
      ["package external libraries", "00000000000006bb"],
      ["module dynlibs", "00000000000006bb"],
      ["module plugins", "00000000000006bb"]]]]],
  ["Lean 4.32.2, commit f3b06c705e6c85f5314019d5d3baab0fec5b580c",
   "7508232886a2752a"],
  ["/home/tyler/Documents/scratch/lean/FinitePrecisionLanczos/Core/Measure/Cutoff.lean",
   "c189b59f64f3fede"],
  ["options", "00000000000006bb"],
  ["isModule: false", "feefd2a0d3a1847e"],
  ["Module.name: FinitePrecisionLanczos.Core.Measure.Cutoff",
   "55ce7a3b7184ac86"],
  ["Package.id?: (some FinitePrecisionLanczos)", "da844cfdc4e35ff3"],
  ["Module.leanArgs: #[]", "00000000000006bb"]],
 "depHash": "f1fb3e8f0f6cae51"}