{"synthetic": false,
 "schemaVersion": "2025-09-10",
 "outputs":
 {"o": ["2e4dc3f9d94e4396.olean"],
  "m": false,
  "i": "572971ed6c427d75.ilean",
  "c": "35106bf75c2bf242.c"},
 "log":
 [{"message":
   ".> LEAN_PATH=/home/tyler/Documents/Papers/Block-Paige/lean/.lake/packages/Cli/.lake/build/lib/lean:/home/tyler/Documents/Papers/Block-Paige/lean/.lake/packages/batteries/.lake/build/lib/lean:/home/tyler/Documents/Papers/Block-Paige/lean/.lake/packages/Qq/.lake/build/lib/lean:/home/tyler/Documents/Papers/Block-Paige/lean/.lake/packages/aesop/.lake/build/lib/lean:/home/tyler/Documents/Papers/Block-Paige/lean/.lake/packages/proofwidgets/.lake/build/lib/lean:/home/tyler/Documents/Papers/Block-Paige/lean/.lake/packages/importGraph/.lake/build/lib/lean:/home/tyler/Documents/Papers/Block-Paige/lean/.lake/packages/LeanSearchClient/.lake/build/lib/lean:/home/tyler/Documents/Papers/Block-Paige/lean/.lake/packages/plausible/.lake/build/lib/lean:/home/tyler/Documents/Papers/Block-Paige/lean/.lake/packages/mathlib/.lake/build/lib/lean:/home/tyler/Documents/scratch/lean/.lake/build/lib/lean /home/tyler/.elan/toolchains/leanprover--lean4---v4.32.2/bin/lean /home/tyler/Documents/scratch/lean/FinitePrecisionLanczos/Core/Measure/SpectralWasserstein.lean -o /home/tyler/Documents/scratch/lean/.lake/build/lib/lean/FinitePrecisionLanczos/Core/Measure/SpectralWasserstein.olean -i /home/tyler/Documents/scratch/lean/.lake/build/lib/lean/FinitePrecisionLanczos/Core/Measure/SpectralWasserstein.ilean -c /home/tyler/Documents/scratch/lean/.lake/build/ir/FinitePrecisionLanczos/Core/Measure/SpectralWasserstein.c --setup /home/tyler/Documents/scratch/lean/.lake/build/ir/FinitePrecisionLanczos/Core/Measure/SpectralWasserstein.setup.json --json",
   "level": "trace"}],
 "inputs":
 [["FinitePrecisionLanczos.Core.Measure.SpectralWasserstein:deps",
   [["deps",
     [["FinitePrecisionLanczos/FinitePrecisionLanczos:extraDep",
       [["@FinitePrecisionLanczos:extraDep", "00000000000006bb"]]],
      ["imports",
       [["FinitePrecisionLanczos.Core.Measure.SpectralWassersteinCore transitive imports (legacy)",
         "c7b680c506d36673"],
        ["FinitePrecisionLanczos.Core.Measure.SpectralWassersteinCore:importAllArts",
         "d65912be205ef86a"]]]]],
    ["libs",
     [["import dynlibs", "00000000000006bb"],
      ["package external libraries", "00000000000006bb"],
      ["module dynlibs", "00000000000006bb"],
      ["module plugins", "00000000000006bb"]]]]],
  ["Lean 4.32.2, commit f3b06c705e6c85f5314019d5d3baab0fec5b580c",
   "7508232886a2752a"],
  ["/home/tyler/Documents/scratch/lean/FinitePrecisionLanczos/Core/Measure/SpectralWasserstein.lean",
   "e8c423b5d5c29534"],
  ["options", "00000000000006bb"],
  ["isModule: false", "feefd2a0d3a1847e"],
  ["Module.name: FinitePrecisionLanczos.Core.Measure.SpectralWasserstein",
   "da29dddea68a2570"],
  ["Package.id?: (some FinitePrecisionLanczos)", "da844cfdc4e35ff3"],
  ["Module.leanArgs: #[]", "00000000000006bb"]],
 "depHash": "cc954ddf2f8dc5d9"}