{"synthetic": false,
 "schemaVersion": "2025-09-10",
 "outputs":
 {"o": ["0dbe051ecc406ac2.olean"],
  "m": false,
  "i": "d2e18fd58759b881.ilean",
  "c": "734a203e610384e2.c"},
 "log":
 [{"message":
   ".> LEAN_PATH=/home/tyler/Documents/Papers/Block-Paige/lean/.lake/packages/Cli/.lake/build/lib/lean:/home/tyler/Documents/Papers/Block-Paige/lean/.lake/packages/batteries/.lake/build/lib/lean:/home/tyler/Documents/Papers/Block-Paige/lean/.lake/packages/Qq/.lake/build/lib/lean:/home/tyler/Documents/Papers/Block-Paige/lean/.lake/packages/aesop/.lake/build/lib/lean:/home/tyler/Documents/Papers/Block-Paige/lean/.lake/packages/proofwidgets/.lake/build/lib/lean:/home/tyler/Documents/Papers/Block-Paige/lean/.lake/packages/importGraph/.lake/build/lib/lean:/home/tyler/Documents/Papers/Block-Paige/lean/.lake/packages/LeanSearchClient/.lake/build/lib/lean:/home/tyler/Documents/Papers/Block-Paige/lean/.lake/packages/plausible/.lake/build/lib/lean:/home/tyler/Documents/Papers/Block-Paige/lean/.lake/packages/mathlib/.lake/build/lib/lean:/home/tyler/Documents/Papers/simpler Lanczos/lean/.lake/build/lib/lean /home/tyler/.elan/toolchains/leanprover--lean4---v4.32.2/bin/lean /home/tyler/Documents/Papers/simpler Lanczos/lean/FinitePrecisionLanczos/Core/Completion.lean -o /home/tyler/Documents/Papers/simpler Lanczos/lean/.lake/build/lib/lean/FinitePrecisionLanczos/Core/Completion.olean -i /home/tyler/Documents/Papers/simpler Lanczos/lean/.lake/build/lib/lean/FinitePrecisionLanczos/Core/Completion.ilean -c /home/tyler/Documents/Papers/simpler Lanczos/lean/.lake/build/ir/FinitePrecisionLanczos/Core/Completion.c --setup /home/tyler/Documents/Papers/simpler Lanczos/lean/.lake/build/ir/FinitePrecisionLanczos/Core/Completion.setup.json --json",
   "level": "trace"},
  {"message":
   "FinitePrecisionLanczos/Core/Completion.lean:22:0: automatically included section variable(s) unused in theorem `FinitePrecisionLanczos.euclideanColumn_apply`:\n  [Fintype I]\n  [Fintype J]\nconsider restructuring your `variable` declarations so that the variables are not in scope or explicitly omit them:\n  omit [Fintype I] [Fintype J] in theorem ...\n\nNote: This linter can be disabled with `set_option linter.unusedSectionVars false`",
   "level": "warning"},
  {"message":
   "FinitePrecisionLanczos/Core/Completion.lean:25:0: automatically included section variable(s) unused in theorem `FinitePrecisionLanczos.inner_euclideanColumn`:\n  [Fintype J]\nconsider restructuring your `variable` declarations so that the variables are not in scope or explicitly omit them:\n  omit [Fintype J] in theorem ...\n\nNote: This linter can be disabled with `set_option linter.unusedSectionVars false`",
   "level": "warning"},
  {"message":
   "FinitePrecisionLanczos/Core/Completion.lean:48:0: automatically included section variable(s) unused in theorem `FinitePrecisionLanczos.euclideanOperator_apply_column`:\n  [Fintype J]\nconsider restructuring your `variable` declarations so that the variables are not in scope or explicitly omit them:\n  omit [Fintype J] in theorem ...\n\nNote: This linter can be disabled with `set_option linter.unusedSectionVars false`",
   "level": "warning"},
  {"message":
   "FinitePrecisionLanczos/Core/Completion.lean:65:0: automatically included section variable(s) unused in theorem `FinitePrecisionLanczos.euclideanColumn_smul`:\n  [Fintype I]\nconsider restructuring your `variable` declarations so that the variables are not in scope or explicitly omit them:\n  omit [Fintype I] in theorem ...\n\nNote: This linter can be disabled with `set_option linter.unusedSectionVars false`",
   "level": "warning"},
  {"message":
   "FinitePrecisionLanczos/Core/Completion.lean:87:39: This simp argument is unused:\n  WithLp.ofLp_zero\n\nHint: Omit it from the simp argument list.\n  simp only [euclideanColumn, WithLp.ofLp_toLp, WithLp.ofLp_add,\n  ̵  ̵ ̵ ̵WithLp.ofLp_sum, WithLp.ofLp_smul, ̵W̵i̵t̵h̵L̵p̵.̵o̵f̵L̵p̵_̵z̵e̵r̵o̵,̵\n      Finset.sum_apply, Pi.smul_apply, Pi.add_apply, Pi.zero_apply,\n  ̵  ̵ ̵ ̵smul_eq_mul]\n\nNote: This linter can be disabled with `set_option linter.unusedSimpArgs false`",
   "level": "warning"},
  {"message":
   "FinitePrecisionLanczos/Core/Completion.lean:88:51: This simp argument is unused:\n  Pi.zero_apply\n\nHint: Omit it from the simp argument list.\n  simp only [euclideanColumn, WithLp.ofLp_toLp, WithLp.ofLp_add, WithLp.ofLp_sum, WithLp.ofLp_smul,\n  ̲  ̲ ̲ ̲WithLp.ofLp_zero, Finset.sum_apply, Pi.smul_apply, Pi.add_apply, P̵i̵.̵z̵e̵r̵o̵_̵a̵p̵p̵l̵y̵,̵smul_eq_mul]\n\nNote: This linter can be disabled with `set_option linter.unusedSimpArgs false`",
   "level": "warning"},
  {"message":
   "FinitePrecisionLanczos/Core/Completion.lean:104:31: This simp argument is unused:\n  hjval\n\nHint: Omit it from the simp argument list.\n  simp [hj, Pi.single_apply,̵ ̵h̵j̵v̵a̵l̵]\n\nNote: This linter can be disabled with `set_option linter.unusedSimpArgs false`",
   "level": "warning"}],
 "inputs":
 [["FinitePrecisionLanczos.Core.Completion:deps",
   [["deps",
     [["FinitePrecisionLanczos/FinitePrecisionLanczos:extraDep",
       [["@FinitePrecisionLanczos:extraDep", "00000000000006bb"]]],
      ["imports",
       [["FinitePrecisionLanczos.Core.CompletionBasis transitive imports (legacy)",
         "5f037c5d8f1cb317"],
        ["FinitePrecisionLanczos.Core.CompletionBasis:importAllArts",
         "eb51f1e9815148bb"]]]]],
    ["libs",
     [["import dynlibs", "00000000000006bb"],
      ["package external libraries", "00000000000006bb"],
      ["module dynlibs", "00000000000006bb"],
      ["module plugins", "00000000000006bb"]]]]],
  ["Lean 4.32.2, commit f3b06c705e6c85f5314019d5d3baab0fec5b580c",
   "7508232886a2752a"],
  ["/home/tyler/Documents/Papers/simpler Lanczos/lean/FinitePrecisionLanczos/Core/Completion.lean",
   "50503a03de6ded66"],
  ["options", "00000000000006bb"],
  ["isModule: false", "feefd2a0d3a1847e"],
  ["Module.name: FinitePrecisionLanczos.Core.Completion", "31f30fd6dadc1ff0"],
  ["Package.id?: (some FinitePrecisionLanczos)", "da844cfdc4e35ff3"],
  ["Module.leanArgs: #[]", "00000000000006bb"]],
 "depHash": "6b8a4726d54a4a98"}