{"synthetic": false,
 "schemaVersion": "2025-09-10",
 "outputs":
 {"o": ["3e28a65e12087426.olean"],
  "m": false,
  "i": "93ab58f1809a078c.ilean",
  "c": "16376b71b770a37f.c"},
 "log":
 [{"message":
   ".> LEAN_PATH=/home/tyler/Documents/Papers/Block-Paige/lean/.lake/packages/Cli/.lake/build/lib/lean:/home/tyler/Documents/Papers/Block-Paige/lean/.lake/packages/batteries/.lake/build/lib/lean:/home/tyler/Documents/Papers/Block-Paige/lean/.lake/packages/Qq/.lake/build/lib/lean:/home/tyler/Documents/Papers/Block-Paige/lean/.lake/packages/aesop/.lake/build/lib/lean:/home/tyler/Documents/Papers/Block-Paige/lean/.lake/packages/proofwidgets/.lake/build/lib/lean:/home/tyler/Documents/Papers/Block-Paige/lean/.lake/packages/importGraph/.lake/build/lib/lean:/home/tyler/Documents/Papers/Block-Paige/lean/.lake/packages/LeanSearchClient/.lake/build/lib/lean:/home/tyler/Documents/Papers/Block-Paige/lean/.lake/packages/plausible/.lake/build/lib/lean:/home/tyler/Documents/Papers/Block-Paige/lean/.lake/packages/mathlib/.lake/build/lib/lean:/home/tyler/Documents/Papers/simpler Lanczos/lean/.lake/build/lib/lean /home/tyler/.elan/toolchains/leanprover--lean4---v4.32.2/bin/lean /home/tyler/Documents/Papers/simpler Lanczos/lean/FinitePrecisionLanczos/Core/Tridiagonalization.lean -o /home/tyler/Documents/Papers/simpler Lanczos/lean/.lake/build/lib/lean/FinitePrecisionLanczos/Core/Tridiagonalization.olean -i /home/tyler/Documents/Papers/simpler Lanczos/lean/.lake/build/lib/lean/FinitePrecisionLanczos/Core/Tridiagonalization.ilean -c /home/tyler/Documents/Papers/simpler Lanczos/lean/.lake/build/ir/FinitePrecisionLanczos/Core/Tridiagonalization.c --setup /home/tyler/Documents/Papers/simpler Lanczos/lean/.lake/build/ir/FinitePrecisionLanczos/Core/Tridiagonalization.setup.json --json",
   "level": "trace"},
  {"message":
   "FinitePrecisionLanczos/Core/Tridiagonalization.lean:192:52: This simp argument is unused:\n  hrnorm\n\nHint: Omit it from the simp argument list.\n  simp [q₁, hr, inner_smul_right,̵ ̵h̵r̵n̵o̵r̵m̵] at hscaled\n\nNote: This linter can be disabled with `set_option linter.unusedSimpArgs false`",
   "level": "warning"}],
 "inputs":
 [["FinitePrecisionLanczos.Core.Tridiagonalization:deps",
   [["deps",
     [["FinitePrecisionLanczos/FinitePrecisionLanczos:extraDep",
       [["@FinitePrecisionLanczos:extraDep", "00000000000006bb"]]],
      ["imports",
       [["FinitePrecisionLanczos.Lanczos.Greenbaum.Correction transitive imports (legacy)",
         "4657e4e5604f16cf"],
        ["FinitePrecisionLanczos.Lanczos.Greenbaum.Correction:importAllArts",
         "337e78a8f7c1cf2f"],
        ["Mathlib.Analysis.InnerProductSpace.ProdL2 transitive imports (legacy)",
         "bc14e031a957c58d"],
        ["Mathlib.Analysis.InnerProductSpace.ProdL2:importAllArts",
         "08846de9394c0986"],
        ["Mathlib.Analysis.InnerProductSpace.Projection.FiniteDimensional transitive imports (legacy)",
         "c6274d04e1193bd6"],
        ["Mathlib.Analysis.InnerProductSpace.Projection.FiniteDimensional:importAllArts",
         "da0a3150bc10ecd0"],
        ["Mathlib.Analysis.InnerProductSpace.Symmetric transitive imports (legacy)",
         "7eeff69bdd779046"],
        ["Mathlib.Analysis.InnerProductSpace.Symmetric:importAllArts",
         "5a88937090f5a6ae"]]]]],
    ["libs",
     [["import dynlibs", "00000000000006bb"],
      ["package external libraries", "00000000000006bb"],
      ["module dynlibs", "00000000000006bb"],
      ["module plugins", "00000000000006bb"]]]]],
  ["Lean 4.32.2, commit f3b06c705e6c85f5314019d5d3baab0fec5b580c",
   "7508232886a2752a"],
  ["/home/tyler/Documents/Papers/simpler Lanczos/lean/FinitePrecisionLanczos/Core/Tridiagonalization.lean",
   "a89b3a0d28137800"],
  ["options", "00000000000006bb"],
  ["isModule: false", "feefd2a0d3a1847e"],
  ["Module.name: FinitePrecisionLanczos.Core.Tridiagonalization",
   "5afd8b27d68c6ba1"],
  ["Package.id?: (some FinitePrecisionLanczos)", "da844cfdc4e35ff3"],
  ["Module.leanArgs: #[]", "00000000000006bb"]],
 "depHash": "832fc0ee607f412b"}