{"synthetic": false,
 "schemaVersion": "2025-09-10",
 "outputs":
 {"o": ["a6399808e5d7fe70.olean"],
  "m": false,
  "i": "c7b770b5e9547272.ilean",
  "c": "de3bdb07cd65bd64.c"},
 "log":
 [{"message":
   ".> LEAN_PATH=/home/tyler/Documents/Papers/Block-Paige/lean/.lake/packages/Cli/.lake/build/lib/lean:/home/tyler/Documents/Papers/Block-Paige/lean/.lake/packages/batteries/.lake/build/lib/lean:/home/tyler/Documents/Papers/Block-Paige/lean/.lake/packages/Qq/.lake/build/lib/lean:/home/tyler/Documents/Papers/Block-Paige/lean/.lake/packages/aesop/.lake/build/lib/lean:/home/tyler/Documents/Papers/Block-Paige/lean/.lake/packages/proofwidgets/.lake/build/lib/lean:/home/tyler/Documents/Papers/Block-Paige/lean/.lake/packages/importGraph/.lake/build/lib/lean:/home/tyler/Documents/Papers/Block-Paige/lean/.lake/packages/LeanSearchClient/.lake/build/lib/lean:/home/tyler/Documents/Papers/Block-Paige/lean/.lake/packages/plausible/.lake/build/lib/lean:/home/tyler/Documents/Papers/Block-Paige/lean/.lake/packages/mathlib/.lake/build/lib/lean:/home/tyler/Documents/Papers/simpler Lanczos/lean/.lake/build/lib/lean /home/tyler/.elan/toolchains/leanprover--lean4---v4.32.2/bin/lean /home/tyler/Documents/Papers/simpler Lanczos/lean/FinitePrecisionLanczos.lean -o /home/tyler/Documents/Papers/simpler Lanczos/lean/.lake/build/lib/lean/FinitePrecisionLanczos.olean -i /home/tyler/Documents/Papers/simpler Lanczos/lean/.lake/build/lib/lean/FinitePrecisionLanczos.ilean -c /home/tyler/Documents/Papers/simpler Lanczos/lean/.lake/build/ir/FinitePrecisionLanczos.c --setup /home/tyler/Documents/Papers/simpler Lanczos/lean/.lake/build/ir/FinitePrecisionLanczos.setup.json --json",
   "level": "trace"}],
 "inputs":
 [["FinitePrecisionLanczos:deps",
   [["deps",
     [["FinitePrecisionLanczos/FinitePrecisionLanczos:extraDep",
       [["@FinitePrecisionLanczos:extraDep", "00000000000006bb"]]],
      ["imports",
       [["FinitePrecisionLanczos.Core.Matrix transitive imports (legacy)",
         "29944cfd8071b685"],
        ["FinitePrecisionLanczos.Core.Matrix:importAllArts",
         "34590896d5c7b46f"],
        ["FinitePrecisionLanczos.Core.Commutator transitive imports (legacy)",
         "5d940cc419efc6aa"],
        ["FinitePrecisionLanczos.Core.Commutator:importAllArts",
         "faba7b2e9de0adbc"],
        ["FinitePrecisionLanczos.Core.Spectral transitive imports (legacy)",
         "ae95fa6c55bfc327"],
        ["FinitePrecisionLanczos.Core.Spectral:importAllArts",
         "a4a9fcb4dd1e095d"],
        ["FinitePrecisionLanczos.Core.Descent transitive imports (legacy)",
         "39926ed25360815c"],
        ["FinitePrecisionLanczos.Core.Descent:importAllArts",
         "31b6786541f98466"],
        ["FinitePrecisionLanczos.Core.Nilpotent transitive imports (legacy)",
         "96302dcc019fada2"],
        ["FinitePrecisionLanczos.Core.Nilpotent:importAllArts",
         "16b71cc08b4c8521"],
        ["FinitePrecisionLanczos.Core.Dilation transitive imports (legacy)",
         "b43281e89c87cd14"],
        ["FinitePrecisionLanczos.Core.Dilation:importAllArts",
         "dcc763d068cdc5c0"],
        ["FinitePrecisionLanczos.Core.DilationRecurrence transitive imports (legacy)",
         "00c1e16ddec00b63"],
        ["FinitePrecisionLanczos.Core.DilationRecurrence:importAllArts",
         "f97a43de297f2f6d"],
        ["FinitePrecisionLanczos.Core.DilationBounds transitive imports (legacy)",
         "07f487665241214f"],
        ["FinitePrecisionLanczos.Core.DilationBounds:importAllArts",
         "53149873e0044784"],
        ["FinitePrecisionLanczos.Core.Tridiagonalization transitive imports (legacy)",
         "6b8703085cdc98cf"],
        ["FinitePrecisionLanczos.Core.Tridiagonalization:importAllArts",
         "4f99258cdecbf02f"],
        ["FinitePrecisionLanczos.Core.CompletionBasis transitive imports (legacy)",
         "5f037c5d8f1cb317"],
        ["FinitePrecisionLanczos.Core.CompletionBasis:importAllArts",
         "eb51f1e9815148bb"],
        ["FinitePrecisionLanczos.Core.Completion transitive imports (legacy)",
         "9d7196151e84004a"],
        ["FinitePrecisionLanczos.Core.Completion:importAllArts",
         "b839bd4f95beae0f"],
        ["FinitePrecisionLanczos.Core.CompletionCorrection transitive imports (legacy)",
         "ae08bc9c08be620f"],
        ["FinitePrecisionLanczos.Core.CompletionCorrection:importAllArts",
         "733a6e1f5aa1d9d8"],
        ["FinitePrecisionLanczos.Core.Measure.FiniteAtomic transitive imports (legacy)",
         "0f78230c1ae3c6fa"],
        ["FinitePrecisionLanczos.Core.Measure.FiniteAtomic:importAllArts",
         "f4aed9fd51849cce"],
        ["FinitePrecisionLanczos.Core.Measure.SpectralMass transitive imports (legacy)",
         "832bc29b759283a0"],
        ["FinitePrecisionLanczos.Core.Measure.SpectralMass:importAllArts",
         "4f6d6dc9529470a9"],
        ["FinitePrecisionLanczos.Core.Measure.Transport transitive imports (legacy)",
         "94de5a394b6b1311"],
        ["FinitePrecisionLanczos.Core.Measure.Transport:importAllArts",
         "a3c8fe1373d8f658"],
        ["FinitePrecisionLanczos.Core.Measure.Wasserstein transitive imports (legacy)",
         "80894ce15ec4c01e"],
        ["FinitePrecisionLanczos.Core.Measure.Wasserstein:importAllArts",
         "6a7eb4fd53fc6b2f"],
        ["FinitePrecisionLanczos.Core.Measure.Cutoff transitive imports (legacy)",
         "c35fae5c7704cd73"],
        ["FinitePrecisionLanczos.Core.Measure.Cutoff:importAllArts",
         "320a4a12b950fb4a"],
        ["FinitePrecisionLanczos.Core.Measure.SpectralWassersteinCore transitive imports (legacy)",
         "857c963344ee6ddd"],
        ["FinitePrecisionLanczos.Core.Measure.SpectralWassersteinCore:importAllArts",
         "bf3cd4f1d36fb27b"],
        ["FinitePrecisionLanczos.Core.Measure.SpectralWasserstein transitive imports (legacy)",
         "2dff827ca0c1d90d"],
        ["FinitePrecisionLanczos.Core.Measure.SpectralWasserstein:importAllArts",
         "db674b847c40a8e8"],
        ["FinitePrecisionLanczos.Core.Measure.ClusterGeometry transitive imports (legacy)",
         "6696567c2fac4ef6"],
        ["FinitePrecisionLanczos.Core.Measure.ClusterGeometry:importAllArts",
         "fc9910d407bb2739"],
        ["FinitePrecisionLanczos.Lanczos.Run transitive imports (legacy)",
         "1ced4cf42294b7a4"],
        ["FinitePrecisionLanczos.Lanczos.Run:importAllArts",
         "5413967c01b78305"],
        ["FinitePrecisionLanczos.Lanczos.Bounds transitive imports (legacy)",
         "7421ce3a8a87abc4"],
        ["FinitePrecisionLanczos.Lanczos.Bounds:importAllArts",
         "7f0dcf5588b372ad"],
        ["FinitePrecisionLanczos.Lanczos.Assembly transitive imports (legacy)",
         "3f36d1b1643d49a7"],
        ["FinitePrecisionLanczos.Lanczos.Assembly:importAllArts",
         "3d925a8122e0704b"],
        ["FinitePrecisionLanczos.Lanczos.Paige.Commutator transitive imports (legacy)",
         "66423c5901d8b87e"],
        ["FinitePrecisionLanczos.Lanczos.Paige.Commutator:importAllArts",
         "315de464050afb5a"],
        ["FinitePrecisionLanczos.Lanczos.Paige.Loss transitive imports (legacy)",
         "31ed9fb61cf3f8ae"],
        ["FinitePrecisionLanczos.Lanczos.Paige.Loss:importAllArts",
         "a476af1311039c5a"],
        ["FinitePrecisionLanczos.Lanczos.Paige.LossBounds transitive imports (legacy)",
         "2302878da3b4052a"],
        ["FinitePrecisionLanczos.Lanczos.Paige.LossBounds:importAllArts",
         "3a95150b2f694aeb"],
        ["FinitePrecisionLanczos.Lanczos.Paige.Ritz transitive imports (legacy)",
         "9dae5598610f9af2"],
        ["FinitePrecisionLanczos.Lanczos.Paige.Ritz:importAllArts",
         "e5b5e46ee4920bc1"],
        ["FinitePrecisionLanczos.Lanczos.Paige.Prefix transitive imports (legacy)",
         "54fad106fac4bba8"],
        ["FinitePrecisionLanczos.Lanczos.Paige.Prefix:importAllArts",
         "a800e521805a7840"],
        ["FinitePrecisionLanczos.Lanczos.Paige.Descent transitive imports (legacy)",
         "880956cec95cf988"],
        ["FinitePrecisionLanczos.Lanczos.Paige.Descent:importAllArts",
         "38d73336aaeddfc1"],
        ["FinitePrecisionLanczos.Lanczos.Paige.Containment transitive imports (legacy)",
         "fd345015f317e8f6"],
        ["FinitePrecisionLanczos.Lanczos.Paige.Containment:importAllArts",
         "486d1aa842b2a7ae"],
        ["FinitePrecisionLanczos.Lanczos.Paige.Stabilized transitive imports (legacy)",
         "9547b4d315681d9a"],
        ["FinitePrecisionLanczos.Lanczos.Paige.Stabilized:importAllArts",
         "de11f0db1455d696"],
        ["FinitePrecisionLanczos.Lanczos.Paige.Statements transitive imports (legacy)",
         "f3d6fd6310c8d494"],
        ["FinitePrecisionLanczos.Lanczos.Paige.Statements:importAllArts",
         "30bca2d19db8cb3a"],
        ["FinitePrecisionLanczos.Lanczos.Greenbaum.Interface transitive imports (legacy)",
         "f3d6fd6310c8d494"],
        ["FinitePrecisionLanczos.Lanczos.Greenbaum.Interface:importAllArts",
         "73a260a59ef24be4"],
        ["FinitePrecisionLanczos.Lanczos.Greenbaum.Normalization transitive imports (legacy)",
         "7bc69806fe2c52f4"],
        ["FinitePrecisionLanczos.Lanczos.Greenbaum.Normalization:importAllArts",
         "58b748d24314c5e3"],
        ["FinitePrecisionLanczos.Lanczos.Greenbaum.NormalizedRecurrence transitive imports (legacy)",
         "e35bac18cf993838"],
        ["FinitePrecisionLanczos.Lanczos.Greenbaum.NormalizedRecurrence:importAllArts",
         "ca0394f69a64e1b4"],
        ["FinitePrecisionLanczos.Lanczos.Greenbaum.NormalizedCommutator transitive imports (legacy)",
         "15d0595ca0f8a3b2"],
        ["FinitePrecisionLanczos.Lanczos.Greenbaum.NormalizedCommutator:importAllArts",
         "bde8707cf0f45c5b"],
        ["FinitePrecisionLanczos.Lanczos.Greenbaum.Dilation transitive imports (legacy)",
         "667576cde8e7e9e8"],
        ["FinitePrecisionLanczos.Lanczos.Greenbaum.Dilation:importAllArts",
         "baabf550138b5690"],
        ["FinitePrecisionLanczos.Lanczos.Greenbaum.Correction transitive imports (legacy)",
         "4657e4e5604f16cf"],
        ["FinitePrecisionLanczos.Lanczos.Greenbaum.Correction:importAllArts",
         "337e78a8f7c1cf2f"],
        ["FinitePrecisionLanczos.Lanczos.Greenbaum.Completion transitive imports (legacy)",
         "52155137c8a839e7"],
        ["FinitePrecisionLanczos.Lanczos.Greenbaum.Completion:importAllArts",
         "935b34975136213b"],
        ["FinitePrecisionLanczos.Lanczos.Greenbaum.Model transitive imports (legacy)",
         "14fabd33854fa25e"],
        ["FinitePrecisionLanczos.Lanczos.Greenbaum.Model:importAllArts",
         "c5782c087d53fa36"],
        ["FinitePrecisionLanczos.Lanczos.Greenbaum.Reproduction transitive imports (legacy)",
         "0f16ee804a8a7472"],
        ["FinitePrecisionLanczos.Lanczos.Greenbaum.Reproduction:importAllArts",
         "df0e62c21b106b28"],
        ["FinitePrecisionLanczos.Lanczos.Greenbaum.Statements transitive imports (legacy)",
         "ae08bc9c08be620f"],
        ["FinitePrecisionLanczos.Lanczos.Greenbaum.Statements:importAllArts",
         "fbc93c506f7f7665"],
        ["FinitePrecisionLanczos.Lanczos.Greenbaum.Spectral transitive imports (legacy)",
         "01a195ac4f026d46"],
        ["FinitePrecisionLanczos.Lanczos.Greenbaum.Spectral:importAllArts",
         "267cf5d6eaad9624"],
        ["FinitePrecisionLanczos.Lanczos.Greenbaum.Measure transitive imports (legacy)",
         "156bc0696172d865"],
        ["FinitePrecisionLanczos.Lanczos.Greenbaum.Measure:importAllArts",
         "4375c31be1423fc1"],
        ["FinitePrecisionLanczos.Lanczos.Greenbaum.SpectralMass transitive imports (legacy)",
         "01b496c73c2489b8"],
        ["FinitePrecisionLanczos.Lanczos.Greenbaum.SpectralMass:importAllArts",
         "9999b153afc5f567"],
        ["FinitePrecisionLanczos.Lanczos.Greenbaum.Wasserstein transitive imports (legacy)",
         "b4247b06f872e626"],
        ["FinitePrecisionLanczos.Lanczos.Greenbaum.Wasserstein:importAllArts",
         "017e5d61336ad62f"],
        ["FinitePrecisionLanczos.Lanczos.Greenbaum.Cluster transitive imports (legacy)",
         "190a459e04008376"],
        ["FinitePrecisionLanczos.Lanczos.Greenbaum.Cluster:importAllArts",
         "b7344f48194778a6"]]]]],
    ["libs",
     [["import dynlibs", "00000000000006bb"],
      ["package external libraries", "00000000000006bb"],
      ["module dynlibs", "00000000000006bb"],
      ["module plugins", "00000000000006bb"]]]]],
  ["Lean 4.32.2, commit f3b06c705e6c85f5314019d5d3baab0fec5b580c",
   "7508232886a2752a"],
  ["/home/tyler/Documents/Papers/simpler Lanczos/lean/FinitePrecisionLanczos.lean",
   "6f6114143d6eee3f"],
  ["options", "00000000000006bb"],
  ["isModule: false", "feefd2a0d3a1847e"],
  ["Module.name: FinitePrecisionLanczos", "095c483a2d20054a"],
  ["Package.id?: (some FinitePrecisionLanczos)", "da844cfdc4e35ff3"],
  ["Module.leanArgs: #[]", "00000000000006bb"]],
 "depHash": "29ffe06c5421a558"}