{"synthetic": false,
 "schemaVersion": "2025-09-10",
 "outputs":
 {"o": ["35fe6c0ed86a4be4.olean"],
  "m": false,
  "i": "b73f28d9caa545bc.ilean",
  "c": "9acf9fb318da5e89.c"},
 "log":
 [{"message":
   ".> LEAN_PATH=/home/tyler/Documents/Papers/Block-Paige/lean/.lake/packages/Cli/.lake/build/lib/lean:/home/tyler/Documents/Papers/Block-Paige/lean/.lake/packages/batteries/.lake/build/lib/lean:/home/tyler/Documents/Papers/Block-Paige/lean/.lake/packages/Qq/.lake/build/lib/lean:/home/tyler/Documents/Papers/Block-Paige/lean/.lake/packages/aesop/.lake/build/lib/lean:/home/tyler/Documents/Papers/Block-Paige/lean/.lake/packages/proofwidgets/.lake/build/lib/lean:/home/tyler/Documents/Papers/Block-Paige/lean/.lake/packages/importGraph/.lake/build/lib/lean:/home/tyler/Documents/Papers/Block-Paige/lean/.lake/packages/LeanSearchClient/.lake/build/lib/lean:/home/tyler/Documents/Papers/Block-Paige/lean/.lake/packages/plausible/.lake/build/lib/lean:/home/tyler/Documents/Papers/Block-Paige/lean/.lake/packages/mathlib/.lake/build/lib/lean:/home/tyler/Documents/Papers/simpler Lanczos/lean/.lake/build/lib/lean /home/tyler/.elan/toolchains/leanprover--lean4---v4.32.2/bin/lean /home/tyler/Documents/Papers/simpler Lanczos/lean/Paige.lean -o /home/tyler/Documents/Papers/simpler Lanczos/lean/.lake/build/lib/lean/Paige.olean -i /home/tyler/Documents/Papers/simpler Lanczos/lean/.lake/build/lib/lean/Paige.ilean -c /home/tyler/Documents/Papers/simpler Lanczos/lean/.lake/build/ir/Paige.c --setup /home/tyler/Documents/Papers/simpler Lanczos/lean/.lake/build/ir/Paige.setup.json --json",
   "level": "trace"}],
 "inputs":
 [["Paige:deps",
   [["deps",
     [["Paige/Paige:extraDep", [["@Paige:extraDep", "00000000000006bb"]]],
      ["imports",
       [["Paige.Run transitive imports (legacy)", "5d940cc419efc6aa"],
        ["Paige.Run:importAllArts", "0b3924f996df9c76"],
        ["Paige.Commutator transitive imports (legacy)", "5d940cc419efc6aa"],
        ["Paige.Commutator:importAllArts", "2df1cfe7dd06779d"]]]]],
    ["libs",
     [["import dynlibs", "00000000000006bb"],
      ["package external libraries", "00000000000006bb"],
      ["module dynlibs", "00000000000006bb"],
      ["module plugins", "00000000000006bb"]]]]],
  ["Lean 4.32.2, commit f3b06c705e6c85f5314019d5d3baab0fec5b580c",
   "7508232886a2752a"],
  ["/home/tyler/Documents/Papers/simpler Lanczos/lean/Paige.lean",
   "3971afcc187de1f5"],
  ["options", "00000000000006bb"],
  ["isModule: false", "feefd2a0d3a1847e"],
  ["Module.name: Paige", "a8934b9bea097054"],
  ["Package.id?: (some Paige)", "51d68ade68902554"],
  ["Module.leanArgs: #[]", "00000000000006bb"]],
 "depHash": "f8d2c0cb41000167"}